Archive member included to satisfy reference by file (symbol)

c:/ac6/systemworkbench/plugins/fr.ac6.mcu.externaltools.arm-none.win32_1.17.0.201812190825/tools/compiler/bin/../lib/gcc/arm-none-eabi/7.3.1/thumb/v7e-m/fpv4-sp/hard\libgcc.a(_arm_addsubdf3.o)
                              Drivers/src/adc.o (__aeabi_ui2d)
c:/ac6/systemworkbench/plugins/fr.ac6.mcu.externaltools.arm-none.win32_1.17.0.201812190825/tools/compiler/bin/../lib/gcc/arm-none-eabi/7.3.1/thumb/v7e-m/fpv4-sp/hard\libgcc.a(_arm_muldivdf3.o)
                              Drivers/src/adc.o (__aeabi_ddiv)
c:/ac6/systemworkbench/plugins/fr.ac6.mcu.externaltools.arm-none.win32_1.17.0.201812190825/tools/compiler/bin/../lib/gcc/arm-none-eabi/7.3.1/thumb/v7e-m/fpv4-sp/hard\libgcc.a(_arm_fixunsdfsi.o)
                              Drivers/src/adc.o (__aeabi_d2uiz)
c:/ac6/systemworkbench/plugins/fr.ac6.mcu.externaltools.arm-none.win32_1.17.0.201812190825/tools/compiler/bin/../lib/gcc/arm-none-eabi/7.3.1/../../../../arm-none-eabi/lib/thumb/v7e-m/fpv4-sp/hard\libc.a(lib_a-errno.o)
                              src/syscalls.o (__errno)
c:/ac6/systemworkbench/plugins/fr.ac6.mcu.externaltools.arm-none.win32_1.17.0.201812190825/tools/compiler/bin/../lib/gcc/arm-none-eabi/7.3.1/../../../../arm-none-eabi/lib/thumb/v7e-m/fpv4-sp/hard\libc.a(lib_a-exit.o)
                              c:/ac6/systemworkbench/plugins/fr.ac6.mcu.externaltools.arm-none.win32_1.17.0.201812190825/tools/compiler/bin/../lib/gcc/arm-none-eabi/7.3.1/../../../../arm-none-eabi/lib/thumb/v7e-m/fpv4-sp/hard/crt0.o (exit)
c:/ac6/systemworkbench/plugins/fr.ac6.mcu.externaltools.arm-none.win32_1.17.0.201812190825/tools/compiler/bin/../lib/gcc/arm-none-eabi/7.3.1/../../../../arm-none-eabi/lib/thumb/v7e-m/fpv4-sp/hard\libc.a(lib_a-impure.o)
                              c:/ac6/systemworkbench/plugins/fr.ac6.mcu.externaltools.arm-none.win32_1.17.0.201812190825/tools/compiler/bin/../lib/gcc/arm-none-eabi/7.3.1/../../../../arm-none-eabi/lib/thumb/v7e-m/fpv4-sp/hard\libc.a(lib_a-exit.o) (_global_impure_ptr)
c:/ac6/systemworkbench/plugins/fr.ac6.mcu.externaltools.arm-none.win32_1.17.0.201812190825/tools/compiler/bin/../lib/gcc/arm-none-eabi/7.3.1/../../../../arm-none-eabi/lib/thumb/v7e-m/fpv4-sp/hard\libc.a(lib_a-init.o)
                              c:/ac6/systemworkbench/plugins/fr.ac6.mcu.externaltools.arm-none.win32_1.17.0.201812190825/tools/compiler/bin/../lib/gcc/arm-none-eabi/7.3.1/../../../../arm-none-eabi/lib/thumb/v7e-m/fpv4-sp/hard/crt0.o (__libc_init_array)
c:/ac6/systemworkbench/plugins/fr.ac6.mcu.externaltools.arm-none.win32_1.17.0.201812190825/tools/compiler/bin/../lib/gcc/arm-none-eabi/7.3.1/../../../../arm-none-eabi/lib/thumb/v7e-m/fpv4-sp/hard\libc.a(lib_a-itoa.o)
                              Drivers/src/lcd.o (itoa)
c:/ac6/systemworkbench/plugins/fr.ac6.mcu.externaltools.arm-none.win32_1.17.0.201812190825/tools/compiler/bin/../lib/gcc/arm-none-eabi/7.3.1/../../../../arm-none-eabi/lib/thumb/v7e-m/fpv4-sp/hard\libc.a(lib_a-memset.o)
                              c:/ac6/systemworkbench/plugins/fr.ac6.mcu.externaltools.arm-none.win32_1.17.0.201812190825/tools/compiler/bin/../lib/gcc/arm-none-eabi/7.3.1/../../../../arm-none-eabi/lib/thumb/v7e-m/fpv4-sp/hard/crt0.o (memset)
c:/ac6/systemworkbench/plugins/fr.ac6.mcu.externaltools.arm-none.win32_1.17.0.201812190825/tools/compiler/bin/../lib/gcc/arm-none-eabi/7.3.1/../../../../arm-none-eabi/lib/thumb/v7e-m/fpv4-sp/hard\libc.a(lib_a-utoa.o)
                              c:/ac6/systemworkbench/plugins/fr.ac6.mcu.externaltools.arm-none.win32_1.17.0.201812190825/tools/compiler/bin/../lib/gcc/arm-none-eabi/7.3.1/../../../../arm-none-eabi/lib/thumb/v7e-m/fpv4-sp/hard\libc.a(lib_a-itoa.o) (__utoa)
c:/ac6/systemworkbench/plugins/fr.ac6.mcu.externaltools.arm-none.win32_1.17.0.201812190825/tools/compiler/bin/../lib/gcc/arm-none-eabi/7.3.1/../../../../arm-none-eabi/lib/thumb/v7e-m/fpv4-sp/hard\libc.a(lib_a-__call_atexit.o)
                              c:/ac6/systemworkbench/plugins/fr.ac6.mcu.externaltools.arm-none.win32_1.17.0.201812190825/tools/compiler/bin/../lib/gcc/arm-none-eabi/7.3.1/../../../../arm-none-eabi/lib/thumb/v7e-m/fpv4-sp/hard\libc.a(lib_a-exit.o) (__call_exitprocs)
c:/ac6/systemworkbench/plugins/fr.ac6.mcu.externaltools.arm-none.win32_1.17.0.201812190825/tools/compiler/bin/../lib/gcc/arm-none-eabi/7.3.1/../../../../arm-none-eabi/lib/thumb/v7e-m/fpv4-sp/hard\libc.a(lib_a-atexit.o)
                              c:/ac6/systemworkbench/plugins/fr.ac6.mcu.externaltools.arm-none.win32_1.17.0.201812190825/tools/compiler/bin/../lib/gcc/arm-none-eabi/7.3.1/../../../../arm-none-eabi/lib/thumb/v7e-m/fpv4-sp/hard\libc.a(lib_a-__call_atexit.o) (atexit)
c:/ac6/systemworkbench/plugins/fr.ac6.mcu.externaltools.arm-none.win32_1.17.0.201812190825/tools/compiler/bin/../lib/gcc/arm-none-eabi/7.3.1/../../../../arm-none-eabi/lib/thumb/v7e-m/fpv4-sp/hard\libc.a(lib_a-fini.o)
                              c:/ac6/systemworkbench/plugins/fr.ac6.mcu.externaltools.arm-none.win32_1.17.0.201812190825/tools/compiler/bin/../lib/gcc/arm-none-eabi/7.3.1/../../../../arm-none-eabi/lib/thumb/v7e-m/fpv4-sp/hard\libc.a(lib_a-__call_atexit.o) (__libc_fini_array)
c:/ac6/systemworkbench/plugins/fr.ac6.mcu.externaltools.arm-none.win32_1.17.0.201812190825/tools/compiler/bin/../lib/gcc/arm-none-eabi/7.3.1/../../../../arm-none-eabi/lib/thumb/v7e-m/fpv4-sp/hard\libc.a(lib_a-lock.o)
                              c:/ac6/systemworkbench/plugins/fr.ac6.mcu.externaltools.arm-none.win32_1.17.0.201812190825/tools/compiler/bin/../lib/gcc/arm-none-eabi/7.3.1/../../../../arm-none-eabi/lib/thumb/v7e-m/fpv4-sp/hard\libc.a(lib_a-__call_atexit.o) (__retarget_lock_acquire_recursive)
c:/ac6/systemworkbench/plugins/fr.ac6.mcu.externaltools.arm-none.win32_1.17.0.201812190825/tools/compiler/bin/../lib/gcc/arm-none-eabi/7.3.1/../../../../arm-none-eabi/lib/thumb/v7e-m/fpv4-sp/hard\libc.a(lib_a-__atexit.o)
                              c:/ac6/systemworkbench/plugins/fr.ac6.mcu.externaltools.arm-none.win32_1.17.0.201812190825/tools/compiler/bin/../lib/gcc/arm-none-eabi/7.3.1/../../../../arm-none-eabi/lib/thumb/v7e-m/fpv4-sp/hard\libc.a(lib_a-atexit.o) (__register_exitproc)

Allocating common symbols
Common symbol       size              file

__lock___atexit_recursive_mutex
                    0x1               c:/ac6/systemworkbench/plugins/fr.ac6.mcu.externaltools.arm-none.win32_1.17.0.201812190825/tools/compiler/bin/../lib/gcc/arm-none-eabi/7.3.1/../../../../arm-none-eabi/lib/thumb/v7e-m/fpv4-sp/hard\libc.a(lib_a-lock.o)
__lock___arc4random_mutex
                    0x1               c:/ac6/systemworkbench/plugins/fr.ac6.mcu.externaltools.arm-none.win32_1.17.0.201812190825/tools/compiler/bin/../lib/gcc/arm-none-eabi/7.3.1/../../../../arm-none-eabi/lib/thumb/v7e-m/fpv4-sp/hard\libc.a(lib_a-lock.o)
__lock___env_recursive_mutex
                    0x1               c:/ac6/systemworkbench/plugins/fr.ac6.mcu.externaltools.arm-none.win32_1.17.0.201812190825/tools/compiler/bin/../lib/gcc/arm-none-eabi/7.3.1/../../../../arm-none-eabi/lib/thumb/v7e-m/fpv4-sp/hard\libc.a(lib_a-lock.o)
__lock___sinit_recursive_mutex
                    0x1               c:/ac6/systemworkbench/plugins/fr.ac6.mcu.externaltools.arm-none.win32_1.17.0.201812190825/tools/compiler/bin/../lib/gcc/arm-none-eabi/7.3.1/../../../../arm-none-eabi/lib/thumb/v7e-m/fpv4-sp/hard\libc.a(lib_a-lock.o)
__lock___malloc_recursive_mutex
                    0x1               c:/ac6/systemworkbench/plugins/fr.ac6.mcu.externaltools.arm-none.win32_1.17.0.201812190825/tools/compiler/bin/../lib/gcc/arm-none-eabi/7.3.1/../../../../arm-none-eabi/lib/thumb/v7e-m/fpv4-sp/hard\libc.a(lib_a-lock.o)
data                0x2               src/main.o
currentvalue        0x1               Drivers/src/keypad.o
__lock___at_quick_exit_mutex
                    0x1               c:/ac6/systemworkbench/plugins/fr.ac6.mcu.externaltools.arm-none.win32_1.17.0.201812190825/tools/compiler/bin/../lib/gcc/arm-none-eabi/7.3.1/../../../../arm-none-eabi/lib/thumb/v7e-m/fpv4-sp/hard\libc.a(lib_a-lock.o)
__lock___dd_hash_mutex
                    0x1               c:/ac6/systemworkbench/plugins/fr.ac6.mcu.externaltools.arm-none.win32_1.17.0.201812190825/tools/compiler/bin/../lib/gcc/arm-none-eabi/7.3.1/../../../../arm-none-eabi/lib/thumb/v7e-m/fpv4-sp/hard\libc.a(lib_a-lock.o)
__lock___tz_mutex   0x1               c:/ac6/systemworkbench/plugins/fr.ac6.mcu.externaltools.arm-none.win32_1.17.0.201812190825/tools/compiler/bin/../lib/gcc/arm-none-eabi/7.3.1/../../../../arm-none-eabi/lib/thumb/v7e-m/fpv4-sp/hard\libc.a(lib_a-lock.o)
__lock___sfp_recursive_mutex
                    0x1               c:/ac6/systemworkbench/plugins/fr.ac6.mcu.externaltools.arm-none.win32_1.17.0.201812190825/tools/compiler/bin/../lib/gcc/arm-none-eabi/7.3.1/../../../../arm-none-eabi/lib/thumb/v7e-m/fpv4-sp/hard\libc.a(lib_a-lock.o)

Discarded input sections

 .text          0x00000000        0x0 c:/ac6/systemworkbench/plugins/fr.ac6.mcu.externaltools.arm-none.win32_1.17.0.201812190825/tools/compiler/bin/../lib/gcc/arm-none-eabi/7.3.1/thumb/v7e-m/fpv4-sp/hard/crti.o
 .data          0x00000000        0x0 c:/ac6/systemworkbench/plugins/fr.ac6.mcu.externaltools.arm-none.win32_1.17.0.201812190825/tools/compiler/bin/../lib/gcc/arm-none-eabi/7.3.1/thumb/v7e-m/fpv4-sp/hard/crti.o
 .bss           0x00000000        0x0 c:/ac6/systemworkbench/plugins/fr.ac6.mcu.externaltools.arm-none.win32_1.17.0.201812190825/tools/compiler/bin/../lib/gcc/arm-none-eabi/7.3.1/thumb/v7e-m/fpv4-sp/hard/crti.o
 .data          0x00000000        0x4 c:/ac6/systemworkbench/plugins/fr.ac6.mcu.externaltools.arm-none.win32_1.17.0.201812190825/tools/compiler/bin/../lib/gcc/arm-none-eabi/7.3.1/thumb/v7e-m/fpv4-sp/hard/crtbegin.o
 .text          0x00000000       0x74 c:/ac6/systemworkbench/plugins/fr.ac6.mcu.externaltools.arm-none.win32_1.17.0.201812190825/tools/compiler/bin/../lib/gcc/arm-none-eabi/7.3.1/../../../../arm-none-eabi/lib/thumb/v7e-m/fpv4-sp/hard/crt0.o
 .data          0x00000000        0x0 c:/ac6/systemworkbench/plugins/fr.ac6.mcu.externaltools.arm-none.win32_1.17.0.201812190825/tools/compiler/bin/../lib/gcc/arm-none-eabi/7.3.1/../../../../arm-none-eabi/lib/thumb/v7e-m/fpv4-sp/hard/crt0.o
 .bss           0x00000000        0x0 c:/ac6/systemworkbench/plugins/fr.ac6.mcu.externaltools.arm-none.win32_1.17.0.201812190825/tools/compiler/bin/../lib/gcc/arm-none-eabi/7.3.1/../../../../arm-none-eabi/lib/thumb/v7e-m/fpv4-sp/hard/crt0.o
 .ARM.extab     0x00000000        0x0 c:/ac6/systemworkbench/plugins/fr.ac6.mcu.externaltools.arm-none.win32_1.17.0.201812190825/tools/compiler/bin/../lib/gcc/arm-none-eabi/7.3.1/../../../../arm-none-eabi/lib/thumb/v7e-m/fpv4-sp/hard/crt0.o
 .ARM.exidx     0x00000000        0x8 c:/ac6/systemworkbench/plugins/fr.ac6.mcu.externaltools.arm-none.win32_1.17.0.201812190825/tools/compiler/bin/../lib/gcc/arm-none-eabi/7.3.1/../../../../arm-none-eabi/lib/thumb/v7e-m/fpv4-sp/hard/crt0.o
 .ARM.attributes
                0x00000000       0x20 c:/ac6/systemworkbench/plugins/fr.ac6.mcu.externaltools.arm-none.win32_1.17.0.201812190825/tools/compiler/bin/../lib/gcc/arm-none-eabi/7.3.1/../../../../arm-none-eabi/lib/thumb/v7e-m/fpv4-sp/hard/crt0.o
 .group         0x00000000        0xc Drivers/src/adc.o
 .group         0x00000000        0xc Drivers/src/adc.o
 .group         0x00000000        0xc Drivers/src/adc.o
 .group         0x00000000        0xc Drivers/src/adc.o
 .group         0x00000000        0xc Drivers/src/adc.o
 .group         0x00000000        0xc Drivers/src/adc.o
 .group         0x00000000        0xc Drivers/src/adc.o
 .group         0x00000000        0xc Drivers/src/adc.o
 .group         0x00000000        0xc Drivers/src/adc.o
 .group         0x00000000        0xc Drivers/src/adc.o
 .group         0x00000000        0xc Drivers/src/adc.o
 .group         0x00000000        0xc Drivers/src/adc.o
 .group         0x00000000        0xc Drivers/src/adc.o
 .group         0x00000000        0xc Drivers/src/adc.o
 .text          0x00000000        0x0 Drivers/src/adc.o
 .data          0x00000000        0x0 Drivers/src/adc.o
 .bss           0x00000000        0x0 Drivers/src/adc.o
 .group         0x00000000        0xc Drivers/src/gpio.o
 .group         0x00000000        0xc Drivers/src/gpio.o
 .group         0x00000000        0xc Drivers/src/gpio.o
 .group         0x00000000        0xc Drivers/src/gpio.o
 .group         0x00000000        0xc Drivers/src/gpio.o
 .group         0x00000000        0xc Drivers/src/gpio.o
 .group         0x00000000        0xc Drivers/src/gpio.o
 .group         0x00000000        0xc Drivers/src/gpio.o
 .group         0x00000000        0xc Drivers/src/gpio.o
 .group         0x00000000        0xc Drivers/src/gpio.o
 .group         0x00000000        0xc Drivers/src/gpio.o
 .group         0x00000000        0xc Drivers/src/gpio.o
 .group         0x00000000        0xc Drivers/src/gpio.o
 .text          0x00000000        0x0 Drivers/src/gpio.o
 .data          0x00000000        0x0 Drivers/src/gpio.o
 .bss           0x00000000        0x0 Drivers/src/gpio.o
 .text.GPIO_Read
                0x00000000       0x46 Drivers/src/gpio.o
 .debug_macro   0x00000000      0xa66 Drivers/src/gpio.o
 .debug_macro   0x00000000       0x65 Drivers/src/gpio.o
 .debug_macro   0x00000000       0x3b Drivers/src/gpio.o
 .debug_macro   0x00000000       0x22 Drivers/src/gpio.o
 .debug_macro   0x00000000       0x8e Drivers/src/gpio.o
 .debug_macro   0x00000000       0x51 Drivers/src/gpio.o
 .debug_macro   0x00000000       0xef Drivers/src/gpio.o
 .debug_macro   0x00000000       0x6a Drivers/src/gpio.o
 .debug_macro   0x00000000      0x1df Drivers/src/gpio.o
 .debug_macro   0x00000000       0x34 Drivers/src/gpio.o
 .debug_macro   0x00000000       0x26 Drivers/src/gpio.o
 .debug_macro   0x00000000      0xe43 Drivers/src/gpio.o
 .debug_macro   0x00000000     0x800a Drivers/src/gpio.o
 .group         0x00000000        0xc Drivers/src/inter.o
 .group         0x00000000        0xc Drivers/src/inter.o
 .group         0x00000000        0xc Drivers/src/inter.o
 .group         0x00000000        0xc Drivers/src/inter.o
 .group         0x00000000        0xc Drivers/src/inter.o
 .group         0x00000000        0xc Drivers/src/inter.o
 .group         0x00000000        0xc Drivers/src/inter.o
 .group         0x00000000        0xc Drivers/src/inter.o
 .group         0x00000000        0xc Drivers/src/inter.o
 .group         0x00000000        0xc Drivers/src/inter.o
 .group         0x00000000        0xc Drivers/src/inter.o
 .group         0x00000000        0xc Drivers/src/inter.o
 .group         0x00000000        0xc Drivers/src/inter.o
 .text          0x00000000        0x0 Drivers/src/inter.o
 .data          0x00000000        0x0 Drivers/src/inter.o
 .bss           0x00000000        0x0 Drivers/src/inter.o
 .text.interruptInit
                0x00000000      0x158 Drivers/src/inter.o
 .debug_info    0x00000000      0x558 Drivers/src/inter.o
 .debug_abbrev  0x00000000      0x135 Drivers/src/inter.o
 .debug_aranges
                0x00000000       0x20 Drivers/src/inter.o
 .debug_ranges  0x00000000       0x10 Drivers/src/inter.o
 .debug_macro   0x00000000       0xbf Drivers/src/inter.o
 .debug_macro   0x00000000      0xa66 Drivers/src/inter.o
 .debug_macro   0x00000000       0x65 Drivers/src/inter.o
 .debug_macro   0x00000000       0x3b Drivers/src/inter.o
 .debug_macro   0x00000000       0x22 Drivers/src/inter.o
 .debug_macro   0x00000000       0x8e Drivers/src/inter.o
 .debug_macro   0x00000000       0x51 Drivers/src/inter.o
 .debug_macro   0x00000000       0xef Drivers/src/inter.o
 .debug_macro   0x00000000       0x6a Drivers/src/inter.o
 .debug_macro   0x00000000      0x1df Drivers/src/inter.o
 .debug_macro   0x00000000       0x34 Drivers/src/inter.o
 .debug_macro   0x00000000       0x26 Drivers/src/inter.o
 .debug_macro   0x00000000      0xe43 Drivers/src/inter.o
 .debug_macro   0x00000000     0x800a Drivers/src/inter.o
 .debug_line    0x00000000      0x41b Drivers/src/inter.o
 .debug_str     0x00000000    0x3578b Drivers/src/inter.o
 .comment       0x00000000       0x80 Drivers/src/inter.o
 .debug_frame   0x00000000       0x38 Drivers/src/inter.o
 .ARM.attributes
                0x00000000       0x39 Drivers/src/inter.o
 .group         0x00000000        0xc Drivers/src/keypad.o
 .group         0x00000000        0xc Drivers/src/keypad.o
 .group         0x00000000        0xc Drivers/src/keypad.o
 .group         0x00000000        0xc Drivers/src/keypad.o
 .group         0x00000000        0xc Drivers/src/keypad.o
 .group         0x00000000        0xc Drivers/src/keypad.o
 .group         0x00000000        0xc Drivers/src/keypad.o
 .group         0x00000000        0xc Drivers/src/keypad.o
 .group         0x00000000        0xc Drivers/src/keypad.o
 .group         0x00000000        0xc Drivers/src/keypad.o
 .group         0x00000000        0xc Drivers/src/keypad.o
 .group         0x00000000        0xc Drivers/src/keypad.o
 .group         0x00000000        0xc Drivers/src/keypad.o
 .text          0x00000000        0x0 Drivers/src/keypad.o
 .data          0x00000000       0x18 Drivers/src/keypad.o
 .bss           0x00000000        0x0 Drivers/src/keypad.o
 .rodata        0x00000000        0x8 Drivers/src/keypad.o
 .text.KeyPad_INIT
                0x00000000       0xa4 Drivers/src/keypad.o
 .text.KeyPad_GET_VALUE
                0x00000000       0x18 Drivers/src/keypad.o
 .text.sevensegment_init
                0x00000000       0x3c Drivers/src/keypad.o
 .text.KeyPad_MANAGE
                0x00000000       0xdc Drivers/src/keypad.o
 .text.KeypadCallouts_KeyPressNotificaton
                0x00000000      0x1f0 Drivers/src/keypad.o
 .debug_info    0x00000000      0x32e Drivers/src/keypad.o
 .debug_abbrev  0x00000000      0x14c Drivers/src/keypad.o
 .debug_aranges
                0x00000000       0x40 Drivers/src/keypad.o
 .debug_ranges  0x00000000       0x30 Drivers/src/keypad.o
 .debug_macro   0x00000000       0xbe Drivers/src/keypad.o
 .debug_macro   0x00000000      0xa66 Drivers/src/keypad.o
 .debug_macro   0x00000000       0x22 Drivers/src/keypad.o
 .debug_macro   0x00000000       0x8e Drivers/src/keypad.o
 .debug_macro   0x00000000       0x51 Drivers/src/keypad.o
 .debug_macro   0x00000000       0xef Drivers/src/keypad.o
 .debug_macro   0x00000000       0x6a Drivers/src/keypad.o
 .debug_macro   0x00000000      0x1df Drivers/src/keypad.o
 .debug_macro   0x00000000       0x65 Drivers/src/keypad.o
 .debug_macro   0x00000000       0x3b Drivers/src/keypad.o
 .debug_macro   0x00000000       0x34 Drivers/src/keypad.o
 .debug_macro   0x00000000       0x26 Drivers/src/keypad.o
 .debug_macro   0x00000000      0xe43 Drivers/src/keypad.o
 .debug_macro   0x00000000     0x800a Drivers/src/keypad.o
 .debug_line    0x00000000      0x4fc Drivers/src/keypad.o
 .debug_str     0x00000000    0x3569c Drivers/src/keypad.o
 .comment       0x00000000       0x80 Drivers/src/keypad.o
 .debug_frame   0x00000000       0xb8 Drivers/src/keypad.o
 .ARM.attributes
                0x00000000       0x39 Drivers/src/keypad.o
 COMMON         0x00000000        0x1 Drivers/src/keypad.o
 .group         0x00000000        0xc Drivers/src/lcd.o
 .group         0x00000000        0xc Drivers/src/lcd.o
 .group         0x00000000        0xc Drivers/src/lcd.o
 .group         0x00000000        0xc Drivers/src/lcd.o
 .group         0x00000000        0xc Drivers/src/lcd.o
 .group         0x00000000        0xc Drivers/src/lcd.o
 .group         0x00000000        0xc Drivers/src/lcd.o
 .group         0x00000000        0xc Drivers/src/lcd.o
 .group         0x00000000        0xc Drivers/src/lcd.o
 .group         0x00000000        0xc Drivers/src/lcd.o
 .group         0x00000000        0xc Drivers/src/lcd.o
 .group         0x00000000        0xc Drivers/src/lcd.o
 .group         0x00000000        0xc Drivers/src/lcd.o
 .group         0x00000000        0xc Drivers/src/lcd.o
 .group         0x00000000        0xc Drivers/src/lcd.o
 .group         0x00000000        0xc Drivers/src/lcd.o
 .group         0x00000000        0xc Drivers/src/lcd.o
 .group         0x00000000        0xc Drivers/src/lcd.o
 .group         0x00000000        0xc Drivers/src/lcd.o
 .group         0x00000000        0xc Drivers/src/lcd.o
 .group         0x00000000        0xc Drivers/src/lcd.o
 .group         0x00000000        0xc Drivers/src/lcd.o
 .group         0x00000000        0xc Drivers/src/lcd.o
 .group         0x00000000        0xc Drivers/src/lcd.o
 .group         0x00000000        0xc Drivers/src/lcd.o
 .group         0x00000000        0xc Drivers/src/lcd.o
 .group         0x00000000        0xc Drivers/src/lcd.o
 .group         0x00000000        0xc Drivers/src/lcd.o
 .group         0x00000000        0xc Drivers/src/lcd.o
 .text          0x00000000        0x0 Drivers/src/lcd.o
 .data          0x00000000        0x0 Drivers/src/lcd.o
 .bss           0x00000000        0x0 Drivers/src/lcd.o
 .text.LCD_MoveCursor
                0x00000000       0x60 Drivers/src/lcd.o
 .text.LCD_DisplayStringRowColumn
                0x00000000       0x2a Drivers/src/lcd.o
 .debug_macro   0x00000000      0xa66 Drivers/src/lcd.o
 .debug_macro   0x00000000       0x65 Drivers/src/lcd.o
 .debug_macro   0x00000000       0x3b Drivers/src/lcd.o
 .debug_macro   0x00000000       0x22 Drivers/src/lcd.o
 .debug_macro   0x00000000       0x8e Drivers/src/lcd.o
 .debug_macro   0x00000000       0x51 Drivers/src/lcd.o
 .debug_macro   0x00000000       0xef Drivers/src/lcd.o
 .debug_macro   0x00000000       0x6a Drivers/src/lcd.o
 .debug_macro   0x00000000      0x1df Drivers/src/lcd.o
 .debug_macro   0x00000000       0x34 Drivers/src/lcd.o
 .debug_macro   0x00000000       0x26 Drivers/src/lcd.o
 .debug_macro   0x00000000      0xe43 Drivers/src/lcd.o
 .debug_macro   0x00000000     0x800a Drivers/src/lcd.o
 .group         0x00000000        0xc src/main.o
 .group         0x00000000        0xc src/main.o
 .group         0x00000000        0xc src/main.o
 .group         0x00000000        0xc src/main.o
 .group         0x00000000        0xc src/main.o
 .group         0x00000000        0xc src/main.o
 .group         0x00000000        0xc src/main.o
 .group         0x00000000        0xc src/main.o
 .group         0x00000000        0xc src/main.o
 .group         0x00000000        0xc src/main.o
 .group         0x00000000        0xc src/main.o
 .group         0x00000000        0xc src/main.o
 .group         0x00000000        0xc src/main.o
 .group         0x00000000        0xc src/main.o
 .group         0x00000000        0xc src/main.o
 .text          0x00000000        0x0 src/main.o
 .data          0x00000000        0x0 src/main.o
 .bss           0x00000000        0x0 src/main.o
 .debug_macro   0x00000000      0xa66 src/main.o
 .debug_macro   0x00000000       0x65 src/main.o
 .debug_macro   0x00000000       0x3b src/main.o
 .debug_macro   0x00000000       0x22 src/main.o
 .debug_macro   0x00000000       0x8e src/main.o
 .debug_macro   0x00000000       0x51 src/main.o
 .debug_macro   0x00000000       0xef src/main.o
 .debug_macro   0x00000000       0x6a src/main.o
 .debug_macro   0x00000000      0x1df src/main.o
 .debug_macro   0x00000000       0x34 src/main.o
 .debug_macro   0x00000000       0x26 src/main.o
 .debug_macro   0x00000000      0xe43 src/main.o
 .debug_macro   0x00000000     0x800a src/main.o
 .debug_macro   0x00000000       0x5e src/main.o
 .debug_macro   0x00000000       0x10 src/main.o
 .group         0x00000000        0xc src/syscalls.o
 .group         0x00000000        0xc src/syscalls.o
 .group         0x00000000        0xc src/syscalls.o
 .group         0x00000000        0xc src/syscalls.o
 .group         0x00000000        0xc src/syscalls.o
 .group         0x00000000        0xc src/syscalls.o
 .group         0x00000000        0xc src/syscalls.o
 .group         0x00000000        0xc src/syscalls.o
 .group         0x00000000        0xc src/syscalls.o
 .group         0x00000000        0xc src/syscalls.o
 .group         0x00000000        0xc src/syscalls.o
 .group         0x00000000        0xc src/syscalls.o
 .group         0x00000000        0xc src/syscalls.o
 .group         0x00000000        0xc src/syscalls.o
 .group         0x00000000        0xc src/syscalls.o
 .group         0x00000000        0xc src/syscalls.o
 .group         0x00000000        0xc src/syscalls.o
 .group         0x00000000        0xc src/syscalls.o
 .group         0x00000000        0xc src/syscalls.o
 .group         0x00000000        0xc src/syscalls.o
 .group         0x00000000        0xc src/syscalls.o
 .group         0x00000000        0xc src/syscalls.o
 .group         0x00000000        0xc src/syscalls.o
 .group         0x00000000        0xc src/syscalls.o
 .group         0x00000000        0xc src/syscalls.o
 .group         0x00000000        0xc src/syscalls.o
 .group         0x00000000        0xc src/syscalls.o
 .group         0x00000000        0xc src/syscalls.o
 .group         0x00000000        0xc src/syscalls.o
 .group         0x00000000        0xc src/syscalls.o
 .group         0x00000000        0xc src/syscalls.o
 .group         0x00000000        0xc src/syscalls.o
 .group         0x00000000        0xc src/syscalls.o
 .group         0x00000000        0xc src/syscalls.o
 .group         0x00000000        0xc src/syscalls.o
 .group         0x00000000        0xc src/syscalls.o
 .group         0x00000000        0xc src/syscalls.o
 .group         0x00000000        0xc src/syscalls.o
 .group         0x00000000        0xc src/syscalls.o
 .group         0x00000000        0xc src/syscalls.o
 .group         0x00000000        0xc src/syscalls.o
 .group         0x00000000        0xc src/syscalls.o
 .group         0x00000000        0xc src/syscalls.o
 .group         0x00000000        0xc src/syscalls.o
 .text          0x00000000        0x0 src/syscalls.o
 .data          0x00000000        0x4 src/syscalls.o
 .bss           0x00000000        0x8 src/syscalls.o
 .text.initialise_monitor_handles
                0x00000000        0xe src/syscalls.o
 .text._getpid  0x00000000       0x10 src/syscalls.o
 .text._kill    0x00000000       0x20 src/syscalls.o
 .text._exit    0x00000000       0x14 src/syscalls.o
 .text._read    0x00000000       0x3a src/syscalls.o
 .text._write   0x00000000       0x38 src/syscalls.o
 .text._sbrk    0x00000000       0x58 src/syscalls.o
 .text._close   0x00000000       0x18 src/syscalls.o
 .text._fstat   0x00000000       0x20 src/syscalls.o
 .text._isatty  0x00000000       0x16 src/syscalls.o
 .text._lseek   0x00000000       0x1a src/syscalls.o
 .text._open    0x00000000       0x1c src/syscalls.o
 .text._wait    0x00000000       0x1e src/syscalls.o
 .text._unlink  0x00000000       0x1e src/syscalls.o
 .text._times   0x00000000       0x18 src/syscalls.o
 .text._stat    0x00000000       0x20 src/syscalls.o
 .text._link    0x00000000       0x20 src/syscalls.o
 .text._fork    0x00000000       0x16 src/syscalls.o
 .text._execve  0x00000000       0x22 src/syscalls.o
 .debug_info    0x00000000      0xf2e src/syscalls.o
 .debug_abbrev  0x00000000      0x2aa src/syscalls.o
 .debug_aranges
                0x00000000       0xb0 src/syscalls.o
 .debug_ranges  0x00000000       0xa0 src/syscalls.o
 .debug_macro   0x00000000      0x243 src/syscalls.o
 .debug_macro   0x00000000      0xa66 src/syscalls.o
 .debug_macro   0x00000000       0x22 src/syscalls.o
 .debug_macro   0x00000000       0x58 src/syscalls.o
 .debug_macro   0x00000000       0x18 src/syscalls.o
 .debug_macro   0x00000000       0x94 src/syscalls.o
 .debug_macro   0x00000000       0x35 src/syscalls.o
 .debug_macro   0x00000000       0x34 src/syscalls.o
 .debug_macro   0x00000000       0x57 src/syscalls.o
 .debug_macro   0x00000000      0x174 src/syscalls.o
 .debug_macro   0x00000000      0x330 src/syscalls.o
 .debug_macro   0x00000000       0x58 src/syscalls.o
 .debug_macro   0x00000000       0x1f src/syscalls.o
 .debug_macro   0x00000000       0x43 src/syscalls.o
 .debug_macro   0x00000000       0x20 src/syscalls.o
 .debug_macro   0x00000000      0x18e src/syscalls.o
 .debug_macro   0x00000000       0x10 src/syscalls.o
 .debug_macro   0x00000000       0x35 src/syscalls.o
 .debug_macro   0x00000000       0x10 src/syscalls.o
 .debug_macro   0x00000000       0x10 src/syscalls.o
 .debug_macro   0x00000000       0x10 src/syscalls.o
 .debug_macro   0x00000000       0x6a src/syscalls.o
 .debug_macro   0x00000000       0x1c src/syscalls.o
 .debug_macro   0x00000000       0x52 src/syscalls.o
 .debug_macro   0x00000000       0x40 src/syscalls.o
 .debug_macro   0x00000000       0x10 src/syscalls.o
 .debug_macro   0x00000000       0x40 src/syscalls.o
 .debug_macro   0x00000000       0xd7 src/syscalls.o
 .debug_macro   0x00000000       0x1c src/syscalls.o
 .debug_macro   0x00000000       0x3d src/syscalls.o
 .debug_macro   0x00000000       0x35 src/syscalls.o
 .debug_macro   0x00000000      0x122 src/syscalls.o
 .debug_macro   0x00000000       0x16 src/syscalls.o
 .debug_macro   0x00000000       0x16 src/syscalls.o
 .debug_macro   0x00000000       0x29 src/syscalls.o
 .debug_macro   0x00000000       0x10 src/syscalls.o
 .debug_macro   0x00000000      0x241 src/syscalls.o
 .debug_macro   0x00000000       0x1c src/syscalls.o
 .debug_macro   0x00000000       0x10 src/syscalls.o
 .debug_macro   0x00000000       0x10 src/syscalls.o
 .debug_macro   0x00000000       0x16 src/syscalls.o
 .debug_macro   0x00000000      0x16f src/syscalls.o
 .debug_macro   0x00000000      0x189 src/syscalls.o
 .debug_macro   0x00000000       0x16 src/syscalls.o
 .debug_macro   0x00000000       0x88 src/syscalls.o
 .debug_line    0x00000000      0x5df src/syscalls.o
 .debug_str     0x00000000     0x8585 src/syscalls.o
 .comment       0x00000000       0x80 src/syscalls.o
 .debug_frame   0x00000000      0x2d0 src/syscalls.o
 .ARM.attributes
                0x00000000       0x39 src/syscalls.o
 .group         0x00000000        0xc src/system_stm32f4xx.o
 .group         0x00000000        0xc src/system_stm32f4xx.o
 .group         0x00000000        0xc src/system_stm32f4xx.o
 .group         0x00000000        0xc src/system_stm32f4xx.o
 .group         0x00000000        0xc src/system_stm32f4xx.o
 .group         0x00000000        0xc src/system_stm32f4xx.o
 .group         0x00000000        0xc src/system_stm32f4xx.o
 .group         0x00000000        0xc src/system_stm32f4xx.o
 .group         0x00000000        0xc src/system_stm32f4xx.o
 .group         0x00000000        0xc src/system_stm32f4xx.o
 .group         0x00000000        0xc src/system_stm32f4xx.o
 .group         0x00000000        0xc src/system_stm32f4xx.o
 .group         0x00000000        0xc src/system_stm32f4xx.o
 .text          0x00000000        0x0 src/system_stm32f4xx.o
 .data          0x00000000       0x14 src/system_stm32f4xx.o
 .bss           0x00000000        0x0 src/system_stm32f4xx.o
 .text.SystemCoreClockUpdate
                0x00000000       0xf8 src/system_stm32f4xx.o
 .debug_macro   0x00000000      0xa66 src/system_stm32f4xx.o
 .debug_macro   0x00000000       0x65 src/system_stm32f4xx.o
 .debug_macro   0x00000000       0x3b src/system_stm32f4xx.o
 .debug_macro   0x00000000       0x22 src/system_stm32f4xx.o
 .debug_macro   0x00000000       0x8e src/system_stm32f4xx.o
 .debug_macro   0x00000000       0x51 src/system_stm32f4xx.o
 .debug_macro   0x00000000       0xef src/system_stm32f4xx.o
 .debug_macro   0x00000000       0x6a src/system_stm32f4xx.o
 .debug_macro   0x00000000      0x1df src/system_stm32f4xx.o
 .debug_macro   0x00000000       0x34 src/system_stm32f4xx.o
 .debug_macro   0x00000000       0x26 src/system_stm32f4xx.o
 .debug_macro   0x00000000      0xe43 src/system_stm32f4xx.o
 .debug_macro   0x00000000     0x800a src/system_stm32f4xx.o
 .text          0x00000000       0x14 startup/startup_stm32.o
 .data          0x00000000        0x0 startup/startup_stm32.o
 .bss           0x00000000        0x0 startup/startup_stm32.o
 .data          0x00000000        0x0 c:/ac6/systemworkbench/plugins/fr.ac6.mcu.externaltools.arm-none.win32_1.17.0.201812190825/tools/compiler/bin/../lib/gcc/arm-none-eabi/7.3.1/thumb/v7e-m/fpv4-sp/hard\libgcc.a(_arm_addsubdf3.o)
 .bss           0x00000000        0x0 c:/ac6/systemworkbench/plugins/fr.ac6.mcu.externaltools.arm-none.win32_1.17.0.201812190825/tools/compiler/bin/../lib/gcc/arm-none-eabi/7.3.1/thumb/v7e-m/fpv4-sp/hard\libgcc.a(_arm_addsubdf3.o)
 .data          0x00000000        0x0 c:/ac6/systemworkbench/plugins/fr.ac6.mcu.externaltools.arm-none.win32_1.17.0.201812190825/tools/compiler/bin/../lib/gcc/arm-none-eabi/7.3.1/thumb/v7e-m/fpv4-sp/hard\libgcc.a(_arm_muldivdf3.o)
 .bss           0x00000000        0x0 c:/ac6/systemworkbench/plugins/fr.ac6.mcu.externaltools.arm-none.win32_1.17.0.201812190825/tools/compiler/bin/../lib/gcc/arm-none-eabi/7.3.1/thumb/v7e-m/fpv4-sp/hard\libgcc.a(_arm_muldivdf3.o)
 .data          0x00000000        0x0 c:/ac6/systemworkbench/plugins/fr.ac6.mcu.externaltools.arm-none.win32_1.17.0.201812190825/tools/compiler/bin/../lib/gcc/arm-none-eabi/7.3.1/thumb/v7e-m/fpv4-sp/hard\libgcc.a(_arm_fixunsdfsi.o)
 .bss           0x00000000        0x0 c:/ac6/systemworkbench/plugins/fr.ac6.mcu.externaltools.arm-none.win32_1.17.0.201812190825/tools/compiler/bin/../lib/gcc/arm-none-eabi/7.3.1/thumb/v7e-m/fpv4-sp/hard\libgcc.a(_arm_fixunsdfsi.o)
 .text          0x00000000        0x0 c:/ac6/systemworkbench/plugins/fr.ac6.mcu.externaltools.arm-none.win32_1.17.0.201812190825/tools/compiler/bin/../lib/gcc/arm-none-eabi/7.3.1/../../../../arm-none-eabi/lib/thumb/v7e-m/fpv4-sp/hard\libc.a(lib_a-errno.o)
 .data          0x00000000        0x0 c:/ac6/systemworkbench/plugins/fr.ac6.mcu.externaltools.arm-none.win32_1.17.0.201812190825/tools/compiler/bin/../lib/gcc/arm-none-eabi/7.3.1/../../../../arm-none-eabi/lib/thumb/v7e-m/fpv4-sp/hard\libc.a(lib_a-errno.o)
 .bss           0x00000000        0x0 c:/ac6/systemworkbench/plugins/fr.ac6.mcu.externaltools.arm-none.win32_1.17.0.201812190825/tools/compiler/bin/../lib/gcc/arm-none-eabi/7.3.1/../../../../arm-none-eabi/lib/thumb/v7e-m/fpv4-sp/hard\libc.a(lib_a-errno.o)
 .text.__errno  0x00000000        0xc c:/ac6/systemworkbench/plugins/fr.ac6.mcu.externaltools.arm-none.win32_1.17.0.201812190825/tools/compiler/bin/../lib/gcc/arm-none-eabi/7.3.1/../../../../arm-none-eabi/lib/thumb/v7e-m/fpv4-sp/hard\libc.a(lib_a-errno.o)
 .debug_frame   0x00000000       0x20 c:/ac6/systemworkbench/plugins/fr.ac6.mcu.externaltools.arm-none.win32_1.17.0.201812190825/tools/compiler/bin/../lib/gcc/arm-none-eabi/7.3.1/../../../../arm-none-eabi/lib/thumb/v7e-m/fpv4-sp/hard\libc.a(lib_a-errno.o)
 .ARM.attributes
                0x00000000       0x34 c:/ac6/systemworkbench/plugins/fr.ac6.mcu.externaltools.arm-none.win32_1.17.0.201812190825/tools/compiler/bin/../lib/gcc/arm-none-eabi/7.3.1/../../../../arm-none-eabi/lib/thumb/v7e-m/fpv4-sp/hard\libc.a(lib_a-errno.o)
 .text          0x00000000        0x0 c:/ac6/systemworkbench/plugins/fr.ac6.mcu.externaltools.arm-none.win32_1.17.0.201812190825/tools/compiler/bin/../lib/gcc/arm-none-eabi/7.3.1/../../../../arm-none-eabi/lib/thumb/v7e-m/fpv4-sp/hard\libc.a(lib_a-exit.o)
 .data          0x00000000        0x0 c:/ac6/systemworkbench/plugins/fr.ac6.mcu.externaltools.arm-none.win32_1.17.0.201812190825/tools/compiler/bin/../lib/gcc/arm-none-eabi/7.3.1/../../../../arm-none-eabi/lib/thumb/v7e-m/fpv4-sp/hard\libc.a(lib_a-exit.o)
 .bss           0x00000000        0x0 c:/ac6/systemworkbench/plugins/fr.ac6.mcu.externaltools.arm-none.win32_1.17.0.201812190825/tools/compiler/bin/../lib/gcc/arm-none-eabi/7.3.1/../../../../arm-none-eabi/lib/thumb/v7e-m/fpv4-sp/hard\libc.a(lib_a-exit.o)
 .text.exit     0x00000000       0x20 c:/ac6/systemworkbench/plugins/fr.ac6.mcu.externaltools.arm-none.win32_1.17.0.201812190825/tools/compiler/bin/../lib/gcc/arm-none-eabi/7.3.1/../../../../arm-none-eabi/lib/thumb/v7e-m/fpv4-sp/hard\libc.a(lib_a-exit.o)
 .debug_frame   0x00000000       0x28 c:/ac6/systemworkbench/plugins/fr.ac6.mcu.externaltools.arm-none.win32_1.17.0.201812190825/tools/compiler/bin/../lib/gcc/arm-none-eabi/7.3.1/../../../../arm-none-eabi/lib/thumb/v7e-m/fpv4-sp/hard\libc.a(lib_a-exit.o)
 .ARM.attributes
                0x00000000       0x34 c:/ac6/systemworkbench/plugins/fr.ac6.mcu.externaltools.arm-none.win32_1.17.0.201812190825/tools/compiler/bin/../lib/gcc/arm-none-eabi/7.3.1/../../../../arm-none-eabi/lib/thumb/v7e-m/fpv4-sp/hard\libc.a(lib_a-exit.o)
 .text          0x00000000        0x0 c:/ac6/systemworkbench/plugins/fr.ac6.mcu.externaltools.arm-none.win32_1.17.0.201812190825/tools/compiler/bin/../lib/gcc/arm-none-eabi/7.3.1/../../../../arm-none-eabi/lib/thumb/v7e-m/fpv4-sp/hard\libc.a(lib_a-impure.o)
 .data          0x00000000        0x0 c:/ac6/systemworkbench/plugins/fr.ac6.mcu.externaltools.arm-none.win32_1.17.0.201812190825/tools/compiler/bin/../lib/gcc/arm-none-eabi/7.3.1/../../../../arm-none-eabi/lib/thumb/v7e-m/fpv4-sp/hard\libc.a(lib_a-impure.o)
 .bss           0x00000000        0x0 c:/ac6/systemworkbench/plugins/fr.ac6.mcu.externaltools.arm-none.win32_1.17.0.201812190825/tools/compiler/bin/../lib/gcc/arm-none-eabi/7.3.1/../../../../arm-none-eabi/lib/thumb/v7e-m/fpv4-sp/hard\libc.a(lib_a-impure.o)
 .data._impure_ptr
                0x00000000        0x4 c:/ac6/systemworkbench/plugins/fr.ac6.mcu.externaltools.arm-none.win32_1.17.0.201812190825/tools/compiler/bin/../lib/gcc/arm-none-eabi/7.3.1/../../../../arm-none-eabi/lib/thumb/v7e-m/fpv4-sp/hard\libc.a(lib_a-impure.o)
 .text          0x00000000        0x0 c:/ac6/systemworkbench/plugins/fr.ac6.mcu.externaltools.arm-none.win32_1.17.0.201812190825/tools/compiler/bin/../lib/gcc/arm-none-eabi/7.3.1/../../../../arm-none-eabi/lib/thumb/v7e-m/fpv4-sp/hard\libc.a(lib_a-init.o)
 .data          0x00000000        0x0 c:/ac6/systemworkbench/plugins/fr.ac6.mcu.externaltools.arm-none.win32_1.17.0.201812190825/tools/compiler/bin/../lib/gcc/arm-none-eabi/7.3.1/../../../../arm-none-eabi/lib/thumb/v7e-m/fpv4-sp/hard\libc.a(lib_a-init.o)
 .bss           0x00000000        0x0 c:/ac6/systemworkbench/plugins/fr.ac6.mcu.externaltools.arm-none.win32_1.17.0.201812190825/tools/compiler/bin/../lib/gcc/arm-none-eabi/7.3.1/../../../../arm-none-eabi/lib/thumb/v7e-m/fpv4-sp/hard\libc.a(lib_a-init.o)
 .text          0x00000000        0x0 c:/ac6/systemworkbench/plugins/fr.ac6.mcu.externaltools.arm-none.win32_1.17.0.201812190825/tools/compiler/bin/../lib/gcc/arm-none-eabi/7.3.1/../../../../arm-none-eabi/lib/thumb/v7e-m/fpv4-sp/hard\libc.a(lib_a-itoa.o)
 .data          0x00000000        0x0 c:/ac6/systemworkbench/plugins/fr.ac6.mcu.externaltools.arm-none.win32_1.17.0.201812190825/tools/compiler/bin/../lib/gcc/arm-none-eabi/7.3.1/../../../../arm-none-eabi/lib/thumb/v7e-m/fpv4-sp/hard\libc.a(lib_a-itoa.o)
 .bss           0x00000000        0x0 c:/ac6/systemworkbench/plugins/fr.ac6.mcu.externaltools.arm-none.win32_1.17.0.201812190825/tools/compiler/bin/../lib/gcc/arm-none-eabi/7.3.1/../../../../arm-none-eabi/lib/thumb/v7e-m/fpv4-sp/hard\libc.a(lib_a-itoa.o)
 .text          0x00000000        0x0 c:/ac6/systemworkbench/plugins/fr.ac6.mcu.externaltools.arm-none.win32_1.17.0.201812190825/tools/compiler/bin/../lib/gcc/arm-none-eabi/7.3.1/../../../../arm-none-eabi/lib/thumb/v7e-m/fpv4-sp/hard\libc.a(lib_a-memset.o)
 .data          0x00000000        0x0 c:/ac6/systemworkbench/plugins/fr.ac6.mcu.externaltools.arm-none.win32_1.17.0.201812190825/tools/compiler/bin/../lib/gcc/arm-none-eabi/7.3.1/../../../../arm-none-eabi/lib/thumb/v7e-m/fpv4-sp/hard\libc.a(lib_a-memset.o)
 .bss           0x00000000        0x0 c:/ac6/systemworkbench/plugins/fr.ac6.mcu.externaltools.arm-none.win32_1.17.0.201812190825/tools/compiler/bin/../lib/gcc/arm-none-eabi/7.3.1/../../../../arm-none-eabi/lib/thumb/v7e-m/fpv4-sp/hard\libc.a(lib_a-memset.o)
 .text.memset   0x00000000       0x94 c:/ac6/systemworkbench/plugins/fr.ac6.mcu.externaltools.arm-none.win32_1.17.0.201812190825/tools/compiler/bin/../lib/gcc/arm-none-eabi/7.3.1/../../../../arm-none-eabi/lib/thumb/v7e-m/fpv4-sp/hard\libc.a(lib_a-memset.o)
 .debug_frame   0x00000000       0x38 c:/ac6/systemworkbench/plugins/fr.ac6.mcu.externaltools.arm-none.win32_1.17.0.201812190825/tools/compiler/bin/../lib/gcc/arm-none-eabi/7.3.1/../../../../arm-none-eabi/lib/thumb/v7e-m/fpv4-sp/hard\libc.a(lib_a-memset.o)
 .ARM.attributes
                0x00000000       0x34 c:/ac6/systemworkbench/plugins/fr.ac6.mcu.externaltools.arm-none.win32_1.17.0.201812190825/tools/compiler/bin/../lib/gcc/arm-none-eabi/7.3.1/../../../../arm-none-eabi/lib/thumb/v7e-m/fpv4-sp/hard\libc.a(lib_a-memset.o)
 .text          0x00000000        0x0 c:/ac6/systemworkbench/plugins/fr.ac6.mcu.externaltools.arm-none.win32_1.17.0.201812190825/tools/compiler/bin/../lib/gcc/arm-none-eabi/7.3.1/../../../../arm-none-eabi/lib/thumb/v7e-m/fpv4-sp/hard\libc.a(lib_a-utoa.o)
 .data          0x00000000        0x0 c:/ac6/systemworkbench/plugins/fr.ac6.mcu.externaltools.arm-none.win32_1.17.0.201812190825/tools/compiler/bin/../lib/gcc/arm-none-eabi/7.3.1/../../../../arm-none-eabi/lib/thumb/v7e-m/fpv4-sp/hard\libc.a(lib_a-utoa.o)
 .bss           0x00000000        0x0 c:/ac6/systemworkbench/plugins/fr.ac6.mcu.externaltools.arm-none.win32_1.17.0.201812190825/tools/compiler/bin/../lib/gcc/arm-none-eabi/7.3.1/../../../../arm-none-eabi/lib/thumb/v7e-m/fpv4-sp/hard\libc.a(lib_a-utoa.o)
 .text.utoa     0x00000000        0x4 c:/ac6/systemworkbench/plugins/fr.ac6.mcu.externaltools.arm-none.win32_1.17.0.201812190825/tools/compiler/bin/../lib/gcc/arm-none-eabi/7.3.1/../../../../arm-none-eabi/lib/thumb/v7e-m/fpv4-sp/hard\libc.a(lib_a-utoa.o)
 .text          0x00000000        0x0 c:/ac6/systemworkbench/plugins/fr.ac6.mcu.externaltools.arm-none.win32_1.17.0.201812190825/tools/compiler/bin/../lib/gcc/arm-none-eabi/7.3.1/../../../../arm-none-eabi/lib/thumb/v7e-m/fpv4-sp/hard\libc.a(lib_a-__call_atexit.o)
 .data          0x00000000        0x0 c:/ac6/systemworkbench/plugins/fr.ac6.mcu.externaltools.arm-none.win32_1.17.0.201812190825/tools/compiler/bin/../lib/gcc/arm-none-eabi/7.3.1/../../../../arm-none-eabi/lib/thumb/v7e-m/fpv4-sp/hard\libc.a(lib_a-__call_atexit.o)
 .bss           0x00000000        0x0 c:/ac6/systemworkbench/plugins/fr.ac6.mcu.externaltools.arm-none.win32_1.17.0.201812190825/tools/compiler/bin/../lib/gcc/arm-none-eabi/7.3.1/../../../../arm-none-eabi/lib/thumb/v7e-m/fpv4-sp/hard\libc.a(lib_a-__call_atexit.o)
 .text.__call_exitprocs
                0x00000000       0xe8 c:/ac6/systemworkbench/plugins/fr.ac6.mcu.externaltools.arm-none.win32_1.17.0.201812190825/tools/compiler/bin/../lib/gcc/arm-none-eabi/7.3.1/../../../../arm-none-eabi/lib/thumb/v7e-m/fpv4-sp/hard\libc.a(lib_a-__call_atexit.o)
 .text          0x00000000        0x0 c:/ac6/systemworkbench/plugins/fr.ac6.mcu.externaltools.arm-none.win32_1.17.0.201812190825/tools/compiler/bin/../lib/gcc/arm-none-eabi/7.3.1/../../../../arm-none-eabi/lib/thumb/v7e-m/fpv4-sp/hard\libc.a(lib_a-atexit.o)
 .data          0x00000000        0x0 c:/ac6/systemworkbench/plugins/fr.ac6.mcu.externaltools.arm-none.win32_1.17.0.201812190825/tools/compiler/bin/../lib/gcc/arm-none-eabi/7.3.1/../../../../arm-none-eabi/lib/thumb/v7e-m/fpv4-sp/hard\libc.a(lib_a-atexit.o)
 .bss           0x00000000        0x0 c:/ac6/systemworkbench/plugins/fr.ac6.mcu.externaltools.arm-none.win32_1.17.0.201812190825/tools/compiler/bin/../lib/gcc/arm-none-eabi/7.3.1/../../../../arm-none-eabi/lib/thumb/v7e-m/fpv4-sp/hard\libc.a(lib_a-atexit.o)
 .text          0x00000000        0x0 c:/ac6/systemworkbench/plugins/fr.ac6.mcu.externaltools.arm-none.win32_1.17.0.201812190825/tools/compiler/bin/../lib/gcc/arm-none-eabi/7.3.1/../../../../arm-none-eabi/lib/thumb/v7e-m/fpv4-sp/hard\libc.a(lib_a-fini.o)
 .data          0x00000000        0x0 c:/ac6/systemworkbench/plugins/fr.ac6.mcu.externaltools.arm-none.win32_1.17.0.201812190825/tools/compiler/bin/../lib/gcc/arm-none-eabi/7.3.1/../../../../arm-none-eabi/lib/thumb/v7e-m/fpv4-sp/hard\libc.a(lib_a-fini.o)
 .bss           0x00000000        0x0 c:/ac6/systemworkbench/plugins/fr.ac6.mcu.externaltools.arm-none.win32_1.17.0.201812190825/tools/compiler/bin/../lib/gcc/arm-none-eabi/7.3.1/../../../../arm-none-eabi/lib/thumb/v7e-m/fpv4-sp/hard\libc.a(lib_a-fini.o)
 .text          0x00000000        0x0 c:/ac6/systemworkbench/plugins/fr.ac6.mcu.externaltools.arm-none.win32_1.17.0.201812190825/tools/compiler/bin/../lib/gcc/arm-none-eabi/7.3.1/../../../../arm-none-eabi/lib/thumb/v7e-m/fpv4-sp/hard\libc.a(lib_a-lock.o)
 .data          0x00000000        0x0 c:/ac6/systemworkbench/plugins/fr.ac6.mcu.externaltools.arm-none.win32_1.17.0.201812190825/tools/compiler/bin/../lib/gcc/arm-none-eabi/7.3.1/../../../../arm-none-eabi/lib/thumb/v7e-m/fpv4-sp/hard\libc.a(lib_a-lock.o)
 .bss           0x00000000        0x0 c:/ac6/systemworkbench/plugins/fr.ac6.mcu.externaltools.arm-none.win32_1.17.0.201812190825/tools/compiler/bin/../lib/gcc/arm-none-eabi/7.3.1/../../../../arm-none-eabi/lib/thumb/v7e-m/fpv4-sp/hard\libc.a(lib_a-lock.o)
 .text.__retarget_lock_init
                0x00000000        0x4 c:/ac6/systemworkbench/plugins/fr.ac6.mcu.externaltools.arm-none.win32_1.17.0.201812190825/tools/compiler/bin/../lib/gcc/arm-none-eabi/7.3.1/../../../../arm-none-eabi/lib/thumb/v7e-m/fpv4-sp/hard\libc.a(lib_a-lock.o)
 .text.__retarget_lock_init_recursive
                0x00000000        0x4 c:/ac6/systemworkbench/plugins/fr.ac6.mcu.externaltools.arm-none.win32_1.17.0.201812190825/tools/compiler/bin/../lib/gcc/arm-none-eabi/7.3.1/../../../../arm-none-eabi/lib/thumb/v7e-m/fpv4-sp/hard\libc.a(lib_a-lock.o)
 .text.__retarget_lock_close
                0x00000000        0x4 c:/ac6/systemworkbench/plugins/fr.ac6.mcu.externaltools.arm-none.win32_1.17.0.201812190825/tools/compiler/bin/../lib/gcc/arm-none-eabi/7.3.1/../../../../arm-none-eabi/lib/thumb/v7e-m/fpv4-sp/hard\libc.a(lib_a-lock.o)
 .text.__retarget_lock_close_recursive
                0x00000000        0x4 c:/ac6/systemworkbench/plugins/fr.ac6.mcu.externaltools.arm-none.win32_1.17.0.201812190825/tools/compiler/bin/../lib/gcc/arm-none-eabi/7.3.1/../../../../arm-none-eabi/lib/thumb/v7e-m/fpv4-sp/hard\libc.a(lib_a-lock.o)
 .text.__retarget_lock_acquire
                0x00000000        0x4 c:/ac6/systemworkbench/plugins/fr.ac6.mcu.externaltools.arm-none.win32_1.17.0.201812190825/tools/compiler/bin/../lib/gcc/arm-none-eabi/7.3.1/../../../../arm-none-eabi/lib/thumb/v7e-m/fpv4-sp/hard\libc.a(lib_a-lock.o)
 .text.__retarget_lock_try_acquire
                0x00000000        0x4 c:/ac6/systemworkbench/plugins/fr.ac6.mcu.externaltools.arm-none.win32_1.17.0.201812190825/tools/compiler/bin/../lib/gcc/arm-none-eabi/7.3.1/../../../../arm-none-eabi/lib/thumb/v7e-m/fpv4-sp/hard\libc.a(lib_a-lock.o)
 .text.__retarget_lock_try_acquire_recursive
                0x00000000        0x4 c:/ac6/systemworkbench/plugins/fr.ac6.mcu.externaltools.arm-none.win32_1.17.0.201812190825/tools/compiler/bin/../lib/gcc/arm-none-eabi/7.3.1/../../../../arm-none-eabi/lib/thumb/v7e-m/fpv4-sp/hard\libc.a(lib_a-lock.o)
 .text.__retarget_lock_release
                0x00000000        0x4 c:/ac6/systemworkbench/plugins/fr.ac6.mcu.externaltools.arm-none.win32_1.17.0.201812190825/tools/compiler/bin/../lib/gcc/arm-none-eabi/7.3.1/../../../../arm-none-eabi/lib/thumb/v7e-m/fpv4-sp/hard\libc.a(lib_a-lock.o)
 .text          0x00000000        0x0 c:/ac6/systemworkbench/plugins/fr.ac6.mcu.externaltools.arm-none.win32_1.17.0.201812190825/tools/compiler/bin/../lib/gcc/arm-none-eabi/7.3.1/../../../../arm-none-eabi/lib/thumb/v7e-m/fpv4-sp/hard\libc.a(lib_a-__atexit.o)
 .data          0x00000000        0x0 c:/ac6/systemworkbench/plugins/fr.ac6.mcu.externaltools.arm-none.win32_1.17.0.201812190825/tools/compiler/bin/../lib/gcc/arm-none-eabi/7.3.1/../../../../arm-none-eabi/lib/thumb/v7e-m/fpv4-sp/hard\libc.a(lib_a-__atexit.o)
 .bss           0x00000000        0x0 c:/ac6/systemworkbench/plugins/fr.ac6.mcu.externaltools.arm-none.win32_1.17.0.201812190825/tools/compiler/bin/../lib/gcc/arm-none-eabi/7.3.1/../../../../arm-none-eabi/lib/thumb/v7e-m/fpv4-sp/hard\libc.a(lib_a-__atexit.o)
 .text          0x00000000        0x0 c:/ac6/systemworkbench/plugins/fr.ac6.mcu.externaltools.arm-none.win32_1.17.0.201812190825/tools/compiler/bin/../lib/gcc/arm-none-eabi/7.3.1/thumb/v7e-m/fpv4-sp/hard/crtend.o
 .data          0x00000000        0x0 c:/ac6/systemworkbench/plugins/fr.ac6.mcu.externaltools.arm-none.win32_1.17.0.201812190825/tools/compiler/bin/../lib/gcc/arm-none-eabi/7.3.1/thumb/v7e-m/fpv4-sp/hard/crtend.o
 .bss           0x00000000        0x0 c:/ac6/systemworkbench/plugins/fr.ac6.mcu.externaltools.arm-none.win32_1.17.0.201812190825/tools/compiler/bin/../lib/gcc/arm-none-eabi/7.3.1/thumb/v7e-m/fpv4-sp/hard/crtend.o
 .eh_frame      0x00000000        0x4 c:/ac6/systemworkbench/plugins/fr.ac6.mcu.externaltools.arm-none.win32_1.17.0.201812190825/tools/compiler/bin/../lib/gcc/arm-none-eabi/7.3.1/thumb/v7e-m/fpv4-sp/hard/crtend.o
 .ARM.attributes
                0x00000000       0x34 c:/ac6/systemworkbench/plugins/fr.ac6.mcu.externaltools.arm-none.win32_1.17.0.201812190825/tools/compiler/bin/../lib/gcc/arm-none-eabi/7.3.1/thumb/v7e-m/fpv4-sp/hard/crtend.o
 .text          0x00000000        0x0 c:/ac6/systemworkbench/plugins/fr.ac6.mcu.externaltools.arm-none.win32_1.17.0.201812190825/tools/compiler/bin/../lib/gcc/arm-none-eabi/7.3.1/thumb/v7e-m/fpv4-sp/hard/crtn.o
 .data          0x00000000        0x0 c:/ac6/systemworkbench/plugins/fr.ac6.mcu.externaltools.arm-none.win32_1.17.0.201812190825/tools/compiler/bin/../lib/gcc/arm-none-eabi/7.3.1/thumb/v7e-m/fpv4-sp/hard/crtn.o
 .bss           0x00000000        0x0 c:/ac6/systemworkbench/plugins/fr.ac6.mcu.externaltools.arm-none.win32_1.17.0.201812190825/tools/compiler/bin/../lib/gcc/arm-none-eabi/7.3.1/thumb/v7e-m/fpv4-sp/hard/crtn.o

Memory Configuration

Name             Origin             Length             Attributes
RAM              0x20000000         0x00010000         xrw
ROM              0x08000000         0x00040000         xr
*default*        0x00000000         0xffffffff

Linker script and memory map

LOAD c:/ac6/systemworkbench/plugins/fr.ac6.mcu.externaltools.arm-none.win32_1.17.0.201812190825/tools/compiler/bin/../lib/gcc/arm-none-eabi/7.3.1/thumb/v7e-m/fpv4-sp/hard/crti.o
LOAD c:/ac6/systemworkbench/plugins/fr.ac6.mcu.externaltools.arm-none.win32_1.17.0.201812190825/tools/compiler/bin/../lib/gcc/arm-none-eabi/7.3.1/thumb/v7e-m/fpv4-sp/hard/crtbegin.o
LOAD c:/ac6/systemworkbench/plugins/fr.ac6.mcu.externaltools.arm-none.win32_1.17.0.201812190825/tools/compiler/bin/../lib/gcc/arm-none-eabi/7.3.1/../../../../arm-none-eabi/lib/thumb/v7e-m/fpv4-sp/hard/crt0.o
LOAD Drivers/src/adc.o
LOAD Drivers/src/gpio.o
LOAD Drivers/src/inter.o
LOAD Drivers/src/keypad.o
LOAD Drivers/src/lcd.o
LOAD src/main.o
LOAD src/syscalls.o
LOAD src/system_stm32f4xx.o
LOAD startup/startup_stm32.o
LOAD c:/ac6/systemworkbench/plugins/fr.ac6.mcu.externaltools.arm-none.win32_1.17.0.201812190825/tools/compiler/bin/../lib/gcc/arm-none-eabi/7.3.1/../../../../arm-none-eabi/lib/thumb/v7e-m/fpv4-sp/hard\libm.a
START GROUP
LOAD c:/ac6/systemworkbench/plugins/fr.ac6.mcu.externaltools.arm-none.win32_1.17.0.201812190825/tools/compiler/bin/../lib/gcc/arm-none-eabi/7.3.1/thumb/v7e-m/fpv4-sp/hard\libgcc.a
LOAD c:/ac6/systemworkbench/plugins/fr.ac6.mcu.externaltools.arm-none.win32_1.17.0.201812190825/tools/compiler/bin/../lib/gcc/arm-none-eabi/7.3.1/../../../../arm-none-eabi/lib/thumb/v7e-m/fpv4-sp/hard\libc.a
END GROUP
LOAD c:/ac6/systemworkbench/plugins/fr.ac6.mcu.externaltools.arm-none.win32_1.17.0.201812190825/tools/compiler/bin/../lib/gcc/arm-none-eabi/7.3.1/thumb/v7e-m/fpv4-sp/hard/crtend.o
LOAD c:/ac6/systemworkbench/plugins/fr.ac6.mcu.externaltools.arm-none.win32_1.17.0.201812190825/tools/compiler/bin/../lib/gcc/arm-none-eabi/7.3.1/thumb/v7e-m/fpv4-sp/hard/crtn.o
                0x20010000                _estack = 0x20010000
                0x00000000                _Min_Heap_Size = 0x0
                0x00000400                _Min_Stack_Size = 0x400

.isr_vector     0x08000000      0x194
                0x08000000                . = ALIGN (0x4)
 *(.isr_vector)
 .isr_vector    0x08000000      0x194 startup/startup_stm32.o
                0x08000000                g_pfnVectors
                0x08000194                . = ALIGN (0x4)

.text           0x08000194     0x1244
                0x08000194                . = ALIGN (0x4)
 *(.text)
 .text          0x08000194       0x40 c:/ac6/systemworkbench/plugins/fr.ac6.mcu.externaltools.arm-none.win32_1.17.0.201812190825/tools/compiler/bin/../lib/gcc/arm-none-eabi/7.3.1/thumb/v7e-m/fpv4-sp/hard/crtbegin.o
 .text          0x080001d4      0x378 c:/ac6/systemworkbench/plugins/fr.ac6.mcu.externaltools.arm-none.win32_1.17.0.201812190825/tools/compiler/bin/../lib/gcc/arm-none-eabi/7.3.1/thumb/v7e-m/fpv4-sp/hard\libgcc.a(_arm_addsubdf3.o)
                0x080001d4                __aeabi_drsub
                0x080001dc                __aeabi_dsub
                0x080001dc                __subdf3
                0x080001e0                __aeabi_dadd
                0x080001e0                __adddf3
                0x08000458                __floatunsidf
                0x08000458                __aeabi_ui2d
                0x08000478                __floatsidf
                0x08000478                __aeabi_i2d
                0x0800049c                __aeabi_f2d
                0x0800049c                __extendsfdf2
                0x080004e0                __floatundidf
                0x080004e0                __aeabi_ul2d
                0x080004f0                __floatdidf
                0x080004f0                __aeabi_l2d
 .text          0x0800054c      0x424 c:/ac6/systemworkbench/plugins/fr.ac6.mcu.externaltools.arm-none.win32_1.17.0.201812190825/tools/compiler/bin/../lib/gcc/arm-none-eabi/7.3.1/thumb/v7e-m/fpv4-sp/hard\libgcc.a(_arm_muldivdf3.o)
                0x0800054c                __aeabi_dmul
                0x0800054c                __muldf3
                0x080007a0                __divdf3
                0x080007a0                __aeabi_ddiv
 .text          0x08000970       0x40 c:/ac6/systemworkbench/plugins/fr.ac6.mcu.externaltools.arm-none.win32_1.17.0.201812190825/tools/compiler/bin/../lib/gcc/arm-none-eabi/7.3.1/thumb/v7e-m/fpv4-sp/hard\libgcc.a(_arm_fixunsdfsi.o)
                0x08000970                __aeabi_d2uiz
                0x08000970                __fixunsdfsi
 *(.text*)
 .text.ADC_Init
                0x080009b0       0x70 Drivers/src/adc.o
                0x080009b0                ADC_Init
 .text.ADC_StartConv
                0x08000a20       0x48 Drivers/src/adc.o
                0x08000a20                ADC_StartConv
 .text.ADC_GetConversionState
                0x08000a68       0x28 Drivers/src/adc.o
                0x08000a68                ADC_GetConversionState
 .text.ADC_ReadData
                0x08000a90       0x5c Drivers/src/adc.o
                0x08000a90                ADC_ReadData
 .text.GPIO_Init
                0x08000aec      0x110 Drivers/src/gpio.o
                0x08000aec                GPIO_Init
 .text.GPIO_Write
                0x08000bfc       0x64 Drivers/src/gpio.o
                0x08000bfc                GPIO_Write
 .text.LCD_Init
                0x08000c60       0x68 Drivers/src/lcd.o
                0x08000c60                LCD_Init
 .text.LCD_SendCommand
                0x08000cc8       0xe0 Drivers/src/lcd.o
                0x08000cc8                LCD_SendCommand
 .text.LCD_DisplayCharacter
                0x08000da8       0xc8 Drivers/src/lcd.o
                0x08000da8                LCD_DisplayCharacter
 .text.LCD_DisplayString
                0x08000e70       0x36 Drivers/src/lcd.o
                0x08000e70                LCD_DisplayString
 .text.LCD_IntToStr
                0x08000ea6       0x28 Drivers/src/lcd.o
                0x08000ea6                LCD_IntToStr
 .text.LCD_ClearScreen
                0x08000ece        0xe Drivers/src/lcd.o
                0x08000ece                LCD_ClearScreen
 .text.main     0x08000edc       0xc0 src/main.o
                0x08000edc                main
 .text.ISR      0x08000f9c       0x44 src/main.o
                0x08000f9c                ISR
 .text.ADC_IRQHandler
                0x08000fe0        0xc src/main.o
                0x08000fe0                ADC_IRQHandler
 .text.SystemInit
                0x08000fec       0x6c src/system_stm32f4xx.o
                0x08000fec                SystemInit
 .text.SetSysClock
                0x08001058       0xf4 src/system_stm32f4xx.o
 .text.Reset_Handler
                0x0800114c       0x50 startup/startup_stm32.o
                0x0800114c                Reset_Handler
 .text.Default_Handler
                0x0800119c        0x2 startup/startup_stm32.o
                0x0800119c                RTC_Alarm_IRQHandler
                0x0800119c                EXTI2_IRQHandler
                0x0800119c                DebugMon_Handler
                0x0800119c                SPI4_IRQHandler
                0x0800119c                TIM1_CC_IRQHandler
                0x0800119c                HardFault_Handler
                0x0800119c                SysTick_Handler
                0x0800119c                PVD_IRQHandler
                0x0800119c                SDIO_IRQHandler
                0x0800119c                TAMP_STAMP_IRQHandler
                0x0800119c                PendSV_Handler
                0x0800119c                NMI_Handler
                0x0800119c                EXTI3_IRQHandler
                0x0800119c                TIM1_UP_TIM10_IRQHandler
                0x0800119c                I2C3_ER_IRQHandler
                0x0800119c                EXTI0_IRQHandler
                0x0800119c                I2C2_EV_IRQHandler
                0x0800119c                FPU_IRQHandler
                0x0800119c                UsageFault_Handler
                0x0800119c                SPI1_IRQHandler
                0x0800119c                TIM1_BRK_TIM9_IRQHandler
                0x0800119c                I2C1_EV_IRQHandler
                0x0800119c                TIM3_IRQHandler
                0x0800119c                RCC_IRQHandler
                0x0800119c                Default_Handler
                0x0800119c                EXTI15_10_IRQHandler
                0x0800119c                I2C3_EV_IRQHandler
                0x0800119c                EXTI9_5_IRQHandler
                0x0800119c                RTC_WKUP_IRQHandler
                0x0800119c                SPI2_IRQHandler
                0x0800119c                MemManage_Handler
                0x0800119c                SVC_Handler
                0x0800119c                EXTI4_IRQHandler
                0x0800119c                TIM2_IRQHandler
                0x0800119c                OTG_FS_WKUP_IRQHandler
                0x0800119c                TIM1_TRG_COM_TIM11_IRQHandler
                0x0800119c                EXTI1_IRQHandler
                0x0800119c                I2C2_ER_IRQHandler
                0x0800119c                FLASH_IRQHandler
                0x0800119c                BusFault_Handler
                0x0800119c                OTG_FS_IRQHandler
                0x0800119c                SPI3_IRQHandler
                0x0800119c                I2C1_ER_IRQHandler
 *fill*         0x0800119e        0x2 
 .text.__libc_init_array
                0x080011a0       0x48 c:/ac6/systemworkbench/plugins/fr.ac6.mcu.externaltools.arm-none.win32_1.17.0.201812190825/tools/compiler/bin/../lib/gcc/arm-none-eabi/7.3.1/../../../../arm-none-eabi/lib/thumb/v7e-m/fpv4-sp/hard\libc.a(lib_a-init.o)
                0x080011a0                __libc_init_array
 .text.__itoa   0x080011e8       0x38 c:/ac6/systemworkbench/plugins/fr.ac6.mcu.externaltools.arm-none.win32_1.17.0.201812190825/tools/compiler/bin/../lib/gcc/arm-none-eabi/7.3.1/../../../../arm-none-eabi/lib/thumb/v7e-m/fpv4-sp/hard\libc.a(lib_a-itoa.o)
                0x080011e8                __itoa
 .text.itoa     0x08001220        0x4 c:/ac6/systemworkbench/plugins/fr.ac6.mcu.externaltools.arm-none.win32_1.17.0.201812190825/tools/compiler/bin/../lib/gcc/arm-none-eabi/7.3.1/../../../../arm-none-eabi/lib/thumb/v7e-m/fpv4-sp/hard\libc.a(lib_a-itoa.o)
                0x08001220                itoa
 .text.__utoa   0x08001224       0x80 c:/ac6/systemworkbench/plugins/fr.ac6.mcu.externaltools.arm-none.win32_1.17.0.201812190825/tools/compiler/bin/../lib/gcc/arm-none-eabi/7.3.1/../../../../arm-none-eabi/lib/thumb/v7e-m/fpv4-sp/hard\libc.a(lib_a-utoa.o)
                0x08001224                __utoa
 .text.startup.register_fini
                0x080012a4       0x14 c:/ac6/systemworkbench/plugins/fr.ac6.mcu.externaltools.arm-none.win32_1.17.0.201812190825/tools/compiler/bin/../lib/gcc/arm-none-eabi/7.3.1/../../../../arm-none-eabi/lib/thumb/v7e-m/fpv4-sp/hard\libc.a(lib_a-__call_atexit.o)
 .text.atexit   0x080012b8        0xc c:/ac6/systemworkbench/plugins/fr.ac6.mcu.externaltools.arm-none.win32_1.17.0.201812190825/tools/compiler/bin/../lib/gcc/arm-none-eabi/7.3.1/../../../../arm-none-eabi/lib/thumb/v7e-m/fpv4-sp/hard\libc.a(lib_a-atexit.o)
                0x080012b8                atexit
 .text.__libc_fini_array
                0x080012c4       0x34 c:/ac6/systemworkbench/plugins/fr.ac6.mcu.externaltools.arm-none.win32_1.17.0.201812190825/tools/compiler/bin/../lib/gcc/arm-none-eabi/7.3.1/../../../../arm-none-eabi/lib/thumb/v7e-m/fpv4-sp/hard\libc.a(lib_a-fini.o)
                0x080012c4                __libc_fini_array
 .text.__retarget_lock_acquire_recursive
                0x080012f8        0x4 c:/ac6/systemworkbench/plugins/fr.ac6.mcu.externaltools.arm-none.win32_1.17.0.201812190825/tools/compiler/bin/../lib/gcc/arm-none-eabi/7.3.1/../../../../arm-none-eabi/lib/thumb/v7e-m/fpv4-sp/hard\libc.a(lib_a-lock.o)
                0x080012f8                __retarget_lock_acquire_recursive
 .text.__retarget_lock_release_recursive
                0x080012fc        0x4 c:/ac6/systemworkbench/plugins/fr.ac6.mcu.externaltools.arm-none.win32_1.17.0.201812190825/tools/compiler/bin/../lib/gcc/arm-none-eabi/7.3.1/../../../../arm-none-eabi/lib/thumb/v7e-m/fpv4-sp/hard\libc.a(lib_a-lock.o)
                0x080012fc                __retarget_lock_release_recursive
 .text.__register_exitproc
                0x08001300       0xc0 c:/ac6/systemworkbench/plugins/fr.ac6.mcu.externaltools.arm-none.win32_1.17.0.201812190825/tools/compiler/bin/../lib/gcc/arm-none-eabi/7.3.1/../../../../arm-none-eabi/lib/thumb/v7e-m/fpv4-sp/hard\libc.a(lib_a-__atexit.o)
                0x08001300                __register_exitproc
 *(.glue_7)
 .glue_7        0x080013c0        0x0 linker stubs
 *(.glue_7t)
 .glue_7t       0x080013c0        0x0 linker stubs
 *(.eh_frame)
 .eh_frame      0x080013c0        0x0 c:/ac6/systemworkbench/plugins/fr.ac6.mcu.externaltools.arm-none.win32_1.17.0.201812190825/tools/compiler/bin/../lib/gcc/arm-none-eabi/7.3.1/thumb/v7e-m/fpv4-sp/hard/crtbegin.o
 *(.init)
 .init          0x080013c0        0x4 c:/ac6/systemworkbench/plugins/fr.ac6.mcu.externaltools.arm-none.win32_1.17.0.201812190825/tools/compiler/bin/../lib/gcc/arm-none-eabi/7.3.1/thumb/v7e-m/fpv4-sp/hard/crti.o
                0x080013c0                _init
 .init          0x080013c4        0x8 c:/ac6/systemworkbench/plugins/fr.ac6.mcu.externaltools.arm-none.win32_1.17.0.201812190825/tools/compiler/bin/../lib/gcc/arm-none-eabi/7.3.1/thumb/v7e-m/fpv4-sp/hard/crtn.o
 *(.fini)
 .fini          0x080013cc        0x4 c:/ac6/systemworkbench/plugins/fr.ac6.mcu.externaltools.arm-none.win32_1.17.0.201812190825/tools/compiler/bin/../lib/gcc/arm-none-eabi/7.3.1/thumb/v7e-m/fpv4-sp/hard/crti.o
                0x080013cc                _fini
 .fini          0x080013d0        0x8 c:/ac6/systemworkbench/plugins/fr.ac6.mcu.externaltools.arm-none.win32_1.17.0.201812190825/tools/compiler/bin/../lib/gcc/arm-none-eabi/7.3.1/thumb/v7e-m/fpv4-sp/hard/crtn.o
                0x080013d8                . = ALIGN (0x4)
                0x080013d8                _etext = .

.vfp11_veneer   0x080013d8        0x0
 .vfp11_veneer  0x080013d8        0x0 linker stubs

.v4_bx          0x080013d8        0x0
 .v4_bx         0x080013d8        0x0 linker stubs

.iplt           0x080013d8        0x0
 .iplt          0x080013d8        0x0 c:/ac6/systemworkbench/plugins/fr.ac6.mcu.externaltools.arm-none.win32_1.17.0.201812190825/tools/compiler/bin/../lib/gcc/arm-none-eabi/7.3.1/thumb/v7e-m/fpv4-sp/hard/crtbegin.o

.rodata         0x080013d8       0x2c
                0x080013d8                . = ALIGN (0x4)
 *(.rodata)
 *(.rodata*)
 .rodata._global_impure_ptr
                0x080013d8        0x4 c:/ac6/systemworkbench/plugins/fr.ac6.mcu.externaltools.arm-none.win32_1.17.0.201812190825/tools/compiler/bin/../lib/gcc/arm-none-eabi/7.3.1/../../../../arm-none-eabi/lib/thumb/v7e-m/fpv4-sp/hard\libc.a(lib_a-impure.o)
                0x080013d8                _global_impure_ptr
 .rodata.__utoa.str1.4
                0x080013dc       0x28 c:/ac6/systemworkbench/plugins/fr.ac6.mcu.externaltools.arm-none.win32_1.17.0.201812190825/tools/compiler/bin/../lib/gcc/arm-none-eabi/7.3.1/../../../../arm-none-eabi/lib/thumb/v7e-m/fpv4-sp/hard\libc.a(lib_a-utoa.o)
                                 0x25 (size before relaxing)
                0x08001404                . = ALIGN (0x4)

.rel.dyn        0x08001404        0x0
 .rel.iplt      0x08001404        0x0 c:/ac6/systemworkbench/plugins/fr.ac6.mcu.externaltools.arm-none.win32_1.17.0.201812190825/tools/compiler/bin/../lib/gcc/arm-none-eabi/7.3.1/thumb/v7e-m/fpv4-sp/hard/crtbegin.o

.ARM.extab      0x08001404        0x0
                0x08001404                . = ALIGN (0x4)
 *(.ARM.extab* .gnu.linkonce.armextab.*)
                0x08001404                . = ALIGN (0x4)

.ARM            0x08001404        0x0
                0x08001404                . = ALIGN (0x4)
                0x08001404                __exidx_start = .
 *(.ARM.exidx*)
                0x08001404                __exidx_end = .
                0x08001404                . = ALIGN (0x4)

.preinit_array  0x08001404        0x0
                0x08001404                . = ALIGN (0x4)
                0x08001404                PROVIDE (__preinit_array_start = .)
 *(.preinit_array*)
                0x08001404                PROVIDE (__preinit_array_end = .)
                0x08001404                . = ALIGN (0x4)

.init_array     0x08001404        0x8
                0x08001404                . = ALIGN (0x4)
                0x08001404                PROVIDE (__init_array_start = .)
 *(SORT_BY_NAME(.init_array.*))
 .init_array.00000
                0x08001404        0x4 c:/ac6/systemworkbench/plugins/fr.ac6.mcu.externaltools.arm-none.win32_1.17.0.201812190825/tools/compiler/bin/../lib/gcc/arm-none-eabi/7.3.1/../../../../arm-none-eabi/lib/thumb/v7e-m/fpv4-sp/hard\libc.a(lib_a-__call_atexit.o)
 *(.init_array*)
 .init_array    0x08001408        0x4 c:/ac6/systemworkbench/plugins/fr.ac6.mcu.externaltools.arm-none.win32_1.17.0.201812190825/tools/compiler/bin/../lib/gcc/arm-none-eabi/7.3.1/thumb/v7e-m/fpv4-sp/hard/crtbegin.o
                0x0800140c                PROVIDE (__init_array_end = .)
                0x0800140c                . = ALIGN (0x4)

.fini_array     0x0800140c        0x4
                0x0800140c                . = ALIGN (0x4)
                0x0800140c                PROVIDE (__fini_array_start = .)
 *(SORT_BY_NAME(.fini_array.*))
 *(.fini_array*)
 .fini_array    0x0800140c        0x4 c:/ac6/systemworkbench/plugins/fr.ac6.mcu.externaltools.arm-none.win32_1.17.0.201812190825/tools/compiler/bin/../lib/gcc/arm-none-eabi/7.3.1/thumb/v7e-m/fpv4-sp/hard/crtbegin.o
                0x08001410                PROVIDE (__fini_array_end = .)
                0x08001410                . = ALIGN (0x4)
                0x08001410                _sidata = LOADADDR (.data)

.data           0x20000000      0x42c load address 0x08001410
                0x20000000                . = ALIGN (0x4)
                0x20000000                _sdata = .
 *(.data)
 *(.data*)
 .data.impure_data
                0x20000000      0x428 c:/ac6/systemworkbench/plugins/fr.ac6.mcu.externaltools.arm-none.win32_1.17.0.201812190825/tools/compiler/bin/../lib/gcc/arm-none-eabi/7.3.1/../../../../arm-none-eabi/lib/thumb/v7e-m/fpv4-sp/hard\libc.a(lib_a-impure.o)
 .data.__atexit_recursive_mutex
                0x20000428        0x4 c:/ac6/systemworkbench/plugins/fr.ac6.mcu.externaltools.arm-none.win32_1.17.0.201812190825/tools/compiler/bin/../lib/gcc/arm-none-eabi/7.3.1/../../../../arm-none-eabi/lib/thumb/v7e-m/fpv4-sp/hard\libc.a(lib_a-__call_atexit.o)
                0x20000428                __atexit_recursive_mutex
                0x2000042c                . = ALIGN (0x4)
                0x2000042c                _edata = .

.igot.plt       0x2000042c        0x0 load address 0x0800183c
 .igot.plt      0x2000042c        0x0 c:/ac6/systemworkbench/plugins/fr.ac6.mcu.externaltools.arm-none.win32_1.17.0.201812190825/tools/compiler/bin/../lib/gcc/arm-none-eabi/7.3.1/thumb/v7e-m/fpv4-sp/hard/crtbegin.o
                0x2000042c                . = ALIGN (0x4)

.bss            0x2000042c       0x44 load address 0x0800183c
                0x2000042c                _sbss = .
                0x2000042c                __bss_start__ = _sbss
 *(.bss)
 .bss           0x2000042c       0x1c c:/ac6/systemworkbench/plugins/fr.ac6.mcu.externaltools.arm-none.win32_1.17.0.201812190825/tools/compiler/bin/../lib/gcc/arm-none-eabi/7.3.1/thumb/v7e-m/fpv4-sp/hard/crtbegin.o
 *(.bss*)
 *(COMMON)
 COMMON         0x20000448        0x2 src/main.o
                0x20000448                data
 *fill*         0x2000044a        0x2 
 COMMON         0x2000044c       0x21 c:/ac6/systemworkbench/plugins/fr.ac6.mcu.externaltools.arm-none.win32_1.17.0.201812190825/tools/compiler/bin/../lib/gcc/arm-none-eabi/7.3.1/../../../../arm-none-eabi/lib/thumb/v7e-m/fpv4-sp/hard\libc.a(lib_a-lock.o)
                0x2000044c                __lock___atexit_recursive_mutex
                0x20000450                __lock___arc4random_mutex
                0x20000454                __lock___env_recursive_mutex
                0x20000458                __lock___sinit_recursive_mutex
                0x2000045c                __lock___malloc_recursive_mutex
                0x20000460                __lock___at_quick_exit_mutex
                0x20000464                __lock___dd_hash_mutex
                0x20000468                __lock___tz_mutex
                0x2000046c                __lock___sfp_recursive_mutex
                0x20000470                . = ALIGN (0x4)
 *fill*         0x2000046d        0x3 
                0x20000470                _ebss = .
                0x20000470                __bss_end__ = _ebss

._user_heap_stack
                0x20000470      0x400 load address 0x0800183c
                0x20000470                . = ALIGN (0x8)
                0x20000470                PROVIDE (end = .)
                [!provide]                PROVIDE (_end = .)
                0x20000470                . = (. + _Min_Heap_Size)
                0x20000870                . = (. + _Min_Stack_Size)
 *fill*         0x20000470      0x400 
                0x20000870                . = ALIGN (0x8)

/DISCARD/
 libc.a(*)
 libm.a(*)
 libgcc.a(*)

.ARM.attributes
                0x00000000       0x30
 *(.ARM.attributes)
 .ARM.attributes
                0x00000000       0x22 c:/ac6/systemworkbench/plugins/fr.ac6.mcu.externaltools.arm-none.win32_1.17.0.201812190825/tools/compiler/bin/../lib/gcc/arm-none-eabi/7.3.1/thumb/v7e-m/fpv4-sp/hard/crti.o
 .ARM.attributes
                0x00000022       0x34 c:/ac6/systemworkbench/plugins/fr.ac6.mcu.externaltools.arm-none.win32_1.17.0.201812190825/tools/compiler/bin/../lib/gcc/arm-none-eabi/7.3.1/thumb/v7e-m/fpv4-sp/hard/crtbegin.o
 .ARM.attributes
                0x00000056       0x39 Drivers/src/adc.o
 .ARM.attributes
                0x0000008f       0x39 Drivers/src/gpio.o
 .ARM.attributes
                0x000000c8       0x39 Drivers/src/lcd.o
 .ARM.attributes
                0x00000101       0x39 src/main.o
 .ARM.attributes
                0x0000013a       0x39 src/system_stm32f4xx.o
 .ARM.attributes
                0x00000173       0x21 startup/startup_stm32.o
 .ARM.attributes
                0x00000194       0x22 c:/ac6/systemworkbench/plugins/fr.ac6.mcu.externaltools.arm-none.win32_1.17.0.201812190825/tools/compiler/bin/../lib/gcc/arm-none-eabi/7.3.1/thumb/v7e-m/fpv4-sp/hard\libgcc.a(_arm_addsubdf3.o)
 .ARM.attributes
                0x000001b6       0x22 c:/ac6/systemworkbench/plugins/fr.ac6.mcu.externaltools.arm-none.win32_1.17.0.201812190825/tools/compiler/bin/../lib/gcc/arm-none-eabi/7.3.1/thumb/v7e-m/fpv4-sp/hard\libgcc.a(_arm_muldivdf3.o)
 .ARM.attributes
                0x000001d8       0x22 c:/ac6/systemworkbench/plugins/fr.ac6.mcu.externaltools.arm-none.win32_1.17.0.201812190825/tools/compiler/bin/../lib/gcc/arm-none-eabi/7.3.1/thumb/v7e-m/fpv4-sp/hard\libgcc.a(_arm_fixunsdfsi.o)
 .ARM.attributes
                0x000001fa       0x34 c:/ac6/systemworkbench/plugins/fr.ac6.mcu.externaltools.arm-none.win32_1.17.0.201812190825/tools/compiler/bin/../lib/gcc/arm-none-eabi/7.3.1/../../../../arm-none-eabi/lib/thumb/v7e-m/fpv4-sp/hard\libc.a(lib_a-impure.o)
 .ARM.attributes
                0x0000022e       0x34 c:/ac6/systemworkbench/plugins/fr.ac6.mcu.externaltools.arm-none.win32_1.17.0.201812190825/tools/compiler/bin/../lib/gcc/arm-none-eabi/7.3.1/../../../../arm-none-eabi/lib/thumb/v7e-m/fpv4-sp/hard\libc.a(lib_a-init.o)
 .ARM.attributes
                0x00000262       0x34 c:/ac6/systemworkbench/plugins/fr.ac6.mcu.externaltools.arm-none.win32_1.17.0.201812190825/tools/compiler/bin/../lib/gcc/arm-none-eabi/7.3.1/../../../../arm-none-eabi/lib/thumb/v7e-m/fpv4-sp/hard\libc.a(lib_a-itoa.o)
 .ARM.attributes
                0x00000296       0x34 c:/ac6/systemworkbench/plugins/fr.ac6.mcu.externaltools.arm-none.win32_1.17.0.201812190825/tools/compiler/bin/../lib/gcc/arm-none-eabi/7.3.1/../../../../arm-none-eabi/lib/thumb/v7e-m/fpv4-sp/hard\libc.a(lib_a-utoa.o)
 .ARM.attributes
                0x000002ca       0x34 c:/ac6/systemworkbench/plugins/fr.ac6.mcu.externaltools.arm-none.win32_1.17.0.201812190825/tools/compiler/bin/../lib/gcc/arm-none-eabi/7.3.1/../../../../arm-none-eabi/lib/thumb/v7e-m/fpv4-sp/hard\libc.a(lib_a-__call_atexit.o)
 .ARM.attributes
                0x000002fe       0x34 c:/ac6/systemworkbench/plugins/fr.ac6.mcu.externaltools.arm-none.win32_1.17.0.201812190825/tools/compiler/bin/../lib/gcc/arm-none-eabi/7.3.1/../../../../arm-none-eabi/lib/thumb/v7e-m/fpv4-sp/hard\libc.a(lib_a-atexit.o)
 .ARM.attributes
                0x00000332       0x34 c:/ac6/systemworkbench/plugins/fr.ac6.mcu.externaltools.arm-none.win32_1.17.0.201812190825/tools/compiler/bin/../lib/gcc/arm-none-eabi/7.3.1/../../../../arm-none-eabi/lib/thumb/v7e-m/fpv4-sp/hard\libc.a(lib_a-fini.o)
 .ARM.attributes
                0x00000366       0x34 c:/ac6/systemworkbench/plugins/fr.ac6.mcu.externaltools.arm-none.win32_1.17.0.201812190825/tools/compiler/bin/../lib/gcc/arm-none-eabi/7.3.1/../../../../arm-none-eabi/lib/thumb/v7e-m/fpv4-sp/hard\libc.a(lib_a-lock.o)
 .ARM.attributes
                0x0000039a       0x34 c:/ac6/systemworkbench/plugins/fr.ac6.mcu.externaltools.arm-none.win32_1.17.0.201812190825/tools/compiler/bin/../lib/gcc/arm-none-eabi/7.3.1/../../../../arm-none-eabi/lib/thumb/v7e-m/fpv4-sp/hard\libc.a(lib_a-__atexit.o)
 .ARM.attributes
                0x000003ce       0x22 c:/ac6/systemworkbench/plugins/fr.ac6.mcu.externaltools.arm-none.win32_1.17.0.201812190825/tools/compiler/bin/../lib/gcc/arm-none-eabi/7.3.1/thumb/v7e-m/fpv4-sp/hard/crtn.o
OUTPUT(HEllloEmbedde.elf elf32-littlearm)

.debug_info     0x00000000     0x1fbf
 .debug_info    0x00000000      0x61f Drivers/src/adc.o
 .debug_info    0x0000061f      0x435 Drivers/src/gpio.o
 .debug_info    0x00000a54      0xc5a Drivers/src/lcd.o
 .debug_info    0x000016ae      0x2dd src/main.o
 .debug_info    0x0000198b      0x612 src/system_stm32f4xx.o
 .debug_info    0x00001f9d       0x22 startup/startup_stm32.o

.debug_abbrev   0x00000000      0x7cf
 .debug_abbrev  0x00000000      0x17f Drivers/src/adc.o
 .debug_abbrev  0x0000017f      0x108 Drivers/src/gpio.o
 .debug_abbrev  0x00000287      0x242 Drivers/src/lcd.o
 .debug_abbrev  0x000004c9      0x197 src/main.o
 .debug_abbrev  0x00000660      0x15d src/system_stm32f4xx.o
 .debug_abbrev  0x000007bd       0x12 startup/startup_stm32.o

.debug_aranges  0x00000000      0x148
 .debug_aranges
                0x00000000       0x38 Drivers/src/adc.o
 .debug_aranges
                0x00000038       0x30 Drivers/src/gpio.o
 .debug_aranges
                0x00000068       0x58 Drivers/src/lcd.o
 .debug_aranges
                0x000000c0       0x30 src/main.o
 .debug_aranges
                0x000000f0       0x30 src/system_stm32f4xx.o
 .debug_aranges
                0x00000120       0x28 startup/startup_stm32.o

.debug_ranges   0x00000000       0xf0
 .debug_ranges  0x00000000       0x28 Drivers/src/adc.o
 .debug_ranges  0x00000028       0x20 Drivers/src/gpio.o
 .debug_ranges  0x00000048       0x48 Drivers/src/lcd.o
 .debug_ranges  0x00000090       0x20 src/main.o
 .debug_ranges  0x000000b0       0x20 src/system_stm32f4xx.o
 .debug_ranges  0x000000d0       0x20 startup/startup_stm32.o

.debug_macro    0x00000000     0xab46
 .debug_macro   0x00000000       0xbe Drivers/src/adc.o
 .debug_macro   0x000000be      0xa66 Drivers/src/adc.o
 .debug_macro   0x00000b24       0x65 Drivers/src/adc.o
 .debug_macro   0x00000b89       0x3b Drivers/src/adc.o
 .debug_macro   0x00000bc4       0x22 Drivers/src/adc.o
 .debug_macro   0x00000be6       0x8e Drivers/src/adc.o
 .debug_macro   0x00000c74       0x51 Drivers/src/adc.o
 .debug_macro   0x00000cc5       0xef Drivers/src/adc.o
 .debug_macro   0x00000db4       0x6a Drivers/src/adc.o
 .debug_macro   0x00000e1e      0x1df Drivers/src/adc.o
 .debug_macro   0x00000ffd       0x34 Drivers/src/adc.o
 .debug_macro   0x00001031       0x26 Drivers/src/adc.o
 .debug_macro   0x00001057      0xe43 Drivers/src/adc.o
 .debug_macro   0x00001e9a     0x800a Drivers/src/adc.o
 .debug_macro   0x00009ea4       0x10 Drivers/src/adc.o
 .debug_macro   0x00009eb4       0xb5 Drivers/src/gpio.o
 .debug_macro   0x00009f69      0x182 Drivers/src/lcd.o
 .debug_macro   0x0000a0eb       0x5e Drivers/src/lcd.o
 .debug_macro   0x0000a149       0x18 Drivers/src/lcd.o
 .debug_macro   0x0000a161       0x5e Drivers/src/lcd.o
 .debug_macro   0x0000a1bf       0x35 Drivers/src/lcd.o
 .debug_macro   0x0000a1f4       0x34 Drivers/src/lcd.o
 .debug_macro   0x0000a228       0x16 Drivers/src/lcd.o
 .debug_macro   0x0000a23e      0x10e Drivers/src/lcd.o
 .debug_macro   0x0000a34c       0x8d Drivers/src/lcd.o
 .debug_macro   0x0000a3d9       0x58 Drivers/src/lcd.o
 .debug_macro   0x0000a431       0x1f Drivers/src/lcd.o
 .debug_macro   0x0000a450       0x43 Drivers/src/lcd.o
 .debug_macro   0x0000a493       0x20 Drivers/src/lcd.o
 .debug_macro   0x0000a4b3      0x18e Drivers/src/lcd.o
 .debug_macro   0x0000a641      0x330 Drivers/src/lcd.o
 .debug_macro   0x0000a971       0x16 Drivers/src/lcd.o
 .debug_macro   0x0000a987       0x29 Drivers/src/lcd.o
 .debug_macro   0x0000a9b0       0xc7 src/main.o
 .debug_macro   0x0000aa77       0xcf src/system_stm32f4xx.o

.debug_line     0x00000000     0x174a
 .debug_line    0x00000000      0x43c Drivers/src/adc.o
 .debug_line    0x0000043c      0x428 Drivers/src/gpio.o
 .debug_line    0x00000864      0x5d2 Drivers/src/lcd.o
 .debug_line    0x00000e36      0x46b src/main.o
 .debug_line    0x000012a1      0x42d src/system_stm32f4xx.o
 .debug_line    0x000016ce       0x7c startup/startup_stm32.o

.debug_str      0x00000000    0x3893d
 .debug_str     0x00000000    0x356b3 Drivers/src/adc.o
                              0x35831 (size before relaxing)
 .debug_str     0x000356b3       0x8a Drivers/src/gpio.o
                              0x3573e (size before relaxing)
 .debug_str     0x0003573d     0x3064 Drivers/src/lcd.o
                              0x38701 (size before relaxing)
 .debug_str     0x000387a1       0x29 src/main.o
                              0x3576e (size before relaxing)
 .debug_str     0x000387ca      0x14a src/system_stm32f4xx.o
                              0x35809 (size before relaxing)
 .debug_str     0x00038914       0x29 startup/startup_stm32.o
                                 0x5f (size before relaxing)

.comment        0x00000000       0x7f
 .comment       0x00000000       0x7f Drivers/src/adc.o
                                 0x80 (size before relaxing)
 .comment       0x0000007f       0x80 Drivers/src/gpio.o
 .comment       0x0000007f       0x80 Drivers/src/lcd.o
 .comment       0x0000007f       0x80 src/main.o
 .comment       0x0000007f       0x80 src/system_stm32f4xx.o

.debug_frame    0x00000000      0x6b4
 .debug_frame   0x00000000       0xb0 Drivers/src/adc.o
 .debug_frame   0x000000b0       0x88 Drivers/src/gpio.o
 .debug_frame   0x00000138      0x128 Drivers/src/lcd.o
 .debug_frame   0x00000260       0x70 src/main.o
 .debug_frame   0x000002d0       0x7c src/system_stm32f4xx.o
 .debug_frame   0x0000034c       0xac c:/ac6/systemworkbench/plugins/fr.ac6.mcu.externaltools.arm-none.win32_1.17.0.201812190825/tools/compiler/bin/../lib/gcc/arm-none-eabi/7.3.1/thumb/v7e-m/fpv4-sp/hard\libgcc.a(_arm_addsubdf3.o)
 .debug_frame   0x000003f8       0x50 c:/ac6/systemworkbench/plugins/fr.ac6.mcu.externaltools.arm-none.win32_1.17.0.201812190825/tools/compiler/bin/../lib/gcc/arm-none-eabi/7.3.1/thumb/v7e-m/fpv4-sp/hard\libgcc.a(_arm_muldivdf3.o)
 .debug_frame   0x00000448       0x24 c:/ac6/systemworkbench/plugins/fr.ac6.mcu.externaltools.arm-none.win32_1.17.0.201812190825/tools/compiler/bin/../lib/gcc/arm-none-eabi/7.3.1/thumb/v7e-m/fpv4-sp/hard\libgcc.a(_arm_fixunsdfsi.o)
 .debug_frame   0x0000046c       0x2c c:/ac6/systemworkbench/plugins/fr.ac6.mcu.externaltools.arm-none.win32_1.17.0.201812190825/tools/compiler/bin/../lib/gcc/arm-none-eabi/7.3.1/../../../../arm-none-eabi/lib/thumb/v7e-m/fpv4-sp/hard\libc.a(lib_a-init.o)
 .debug_frame   0x00000498       0x3c c:/ac6/systemworkbench/plugins/fr.ac6.mcu.externaltools.arm-none.win32_1.17.0.201812190825/tools/compiler/bin/../lib/gcc/arm-none-eabi/7.3.1/../../../../arm-none-eabi/lib/thumb/v7e-m/fpv4-sp/hard\libc.a(lib_a-itoa.o)
 .debug_frame   0x000004d4       0x4c c:/ac6/systemworkbench/plugins/fr.ac6.mcu.externaltools.arm-none.win32_1.17.0.201812190825/tools/compiler/bin/../lib/gcc/arm-none-eabi/7.3.1/../../../../arm-none-eabi/lib/thumb/v7e-m/fpv4-sp/hard\libc.a(lib_a-utoa.o)
 .debug_frame   0x00000520       0x5c c:/ac6/systemworkbench/plugins/fr.ac6.mcu.externaltools.arm-none.win32_1.17.0.201812190825/tools/compiler/bin/../lib/gcc/arm-none-eabi/7.3.1/../../../../arm-none-eabi/lib/thumb/v7e-m/fpv4-sp/hard\libc.a(lib_a-__call_atexit.o)
 .debug_frame   0x0000057c       0x20 c:/ac6/systemworkbench/plugins/fr.ac6.mcu.externaltools.arm-none.win32_1.17.0.201812190825/tools/compiler/bin/../lib/gcc/arm-none-eabi/7.3.1/../../../../arm-none-eabi/lib/thumb/v7e-m/fpv4-sp/hard\libc.a(lib_a-atexit.o)
 .debug_frame   0x0000059c       0x34 c:/ac6/systemworkbench/plugins/fr.ac6.mcu.externaltools.arm-none.win32_1.17.0.201812190825/tools/compiler/bin/../lib/gcc/arm-none-eabi/7.3.1/../../../../arm-none-eabi/lib/thumb/v7e-m/fpv4-sp/hard\libc.a(lib_a-fini.o)
 .debug_frame   0x000005d0       0xb0 c:/ac6/systemworkbench/plugins/fr.ac6.mcu.externaltools.arm-none.win32_1.17.0.201812190825/tools/compiler/bin/../lib/gcc/arm-none-eabi/7.3.1/../../../../arm-none-eabi/lib/thumb/v7e-m/fpv4-sp/hard\libc.a(lib_a-lock.o)
 .debug_frame   0x00000680       0x34 c:/ac6/systemworkbench/plugins/fr.ac6.mcu.externaltools.arm-none.win32_1.17.0.201812190825/tools/compiler/bin/../lib/gcc/arm-none-eabi/7.3.1/../../../../arm-none-eabi/lib/thumb/v7e-m/fpv4-sp/hard\libc.a(lib_a-__atexit.o)
